Running: run_askap_z1.06_1.07.py
Starting redshift chunk: z = 1.06 to 1.07
Processing 2 redshift bins...

Saved: dm_detected_askap_z1.06_1.07.npy
  Total FRB points: 1869583
  Detected (SNR>10): 867

Chunk completed in 219.96 seconds
Time per FRB: 0.1177 ms

+------------------ Job Report: 11202857 (COMPLETED) ------------------+
| Memory (RAM)  [                    ]  1.8% (287 MB peak / 16 GB)     |
| CPU           [##################  ] 92.2% average                   |
| Time          [>                   ]  4.7% (0-00:04:15 / 0-01:30:00) |
|                                                                      |
| Lustre Filesystem:                                                   |
|   Path    Total Read    Total Write    Total IOPS                    |
|   ------  ------------  -------------  ------------                  |
|   /apps   0 B           0 B            1.4 K                         |
|   /fred   8 KB          33 B           8                             |
|   /home   0 B           0 B            15                            |
|                                                                      |
| Warnings:                                                            |
|   - Too much memory requested                                        |
|   - Too much time requested                                          |
+----------------------------------------------------------------------+
