Running: run_askap_z1.25_1.26.py
Starting redshift chunk: z = 1.25 to 1.26
Processing 2 redshift bins...

Saved: dm_detected_askap_z1.25_1.26.npy
  Total FRB points: 2037698
  Detected (SNR>10): 517

Chunk completed in 243.56 seconds
Time per FRB: 0.1195 ms

+------------------ Job Report: 11202879 (COMPLETED) ------------------+
| Memory (RAM)  [                    ]  1.9% (305 MB peak / 16 GB)     |
| CPU           [##################  ] 90.8% average                   |
| Time          [->                  ]  5.4% (0-00:04:52 / 0-01:30:00) |
|                                                                      |
| Lustre Filesystem:                                                   |
|   Path    Total Read    Total Write    Total IOPS                    |
|   ------  ------------  -------------  ------------                  |
|   /apps   2.5 MB        0 B            1.6 K                         |
|   /fred   8 KB          33 B           6                             |
|   /home   4 KB          0 B            19                            |
|                                                                      |
| Warnings:                                                            |
|   - Too much memory requested                                        |
|   - Too much time requested                                          |
+----------------------------------------------------------------------+
