Running: run_askap_z1.65_1.66.py
Starting redshift chunk: z = 1.65 to 1.66
Processing 2 redshift bins...

Saved: dm_detected_askap_z1.65_1.66.npy
  Total FRB points: 1947284
  Detected (SNR>10): 138

Chunk completed in 238.47 seconds
Time per FRB: 0.1225 ms

+------------------ Job Report: 11202924 (COMPLETED) ------------------+
| Memory (RAM)  [                    ]  1.7% (286 MB peak / 16 GB)     |
| CPU           [##################  ] 93.9% average                   |
| Time          [>                   ]  4.8% (0-00:04:21 / 0-01:30:00) |
|                                                                      |
| Lustre Filesystem:                                                   |
|   Path    Total Read    Total Write      Total IOPS                  |
|   ------  ------------  -------------  ------------                  |
|   /apps   0 B           0 B                     42                   |
|   /fred   8 KB          33 B                     4                   |
|                                                                      |
| Warnings:                                                            |
|   - Too much memory requested                                        |
|   - Too much time requested                                          |
+----------------------------------------------------------------------+
