Running: run_askap_z0.43_0.44.py
Starting redshift chunk: z = 0.43 to 0.44
Processing 2 redshift bins...

Saved: dm_detected_askap_z0.43_0.44.npy
  Total FRB points: 558629
  Detected (SNR>10): 2268

Chunk completed in 66.58 seconds
Time per FRB: 0.1192 ms

+------------------ Job Report: 11202794 (COMPLETED) ------------------+
| Memory (RAM)  [                    ]  0.9% (143 MB peak / 16 GB)     |
| CPU           [################    ] 84.6% average                   |
| Time          [>                   ]  1.7% (0-00:01:31 / 0-01:30:00) |
|                                                                      |
| Lustre Filesystem:                                                   |
|   Path    Total Read    Total Write      Total IOPS                  |
|   ------  ------------  -------------  ------------                  |
|   /apps   0 B           0 B                    306                   |
|   /fred   8 KB          33 B                    10                   |
|   /home   0 B           0 B                     22                   |
|                                                                      |
| Warnings:                                                            |
|   - Too much memory requested                                        |
|   - Too much time requested                                          |
+----------------------------------------------------------------------+
