Running: run_askap_z1.42_1.43.py
Starting redshift chunk: z = 1.42 to 1.43
Processing 2 redshift bins...

Saved: dm_detected_askap_z1.42_1.43.npy
  Total FRB points: 2066169
  Detected (SNR>10): 324

Chunk completed in 252.83 seconds
Time per FRB: 0.1224 ms

+------------------ Job Report: 11202898 (COMPLETED) ------------------+
| Memory (RAM)  [                    ]  1.8% (287 MB peak / 16 GB)     |
| CPU           [##################  ] 93.8% average                   |
| Time          [->                  ]  5.1% (0-00:04:36 / 0-01:30:00) |
|                                                                      |
| Lustre Filesystem:                                                   |
|   Path    Total Read    Total Write      Total IOPS                  |
|   ------  ------------  -------------  ------------                  |
|   /apps   0 B           0 B                     42                   |
|   /fred   8 KB          33 B                     6                   |
|                                                                      |
| Warnings:                                                            |
|   - Too much memory requested                                        |
|   - Too much time requested                                          |
+----------------------------------------------------------------------+
