Running: run_askap_z1.58_1.59.py
Starting redshift chunk: z = 1.58 to 1.59
Processing 2 redshift bins...

Saved: dm_detected_askap_z1.58_1.59.npy
  Total FRB points: 1999695
  Detected (SNR>10): 178

Chunk completed in 242.99 seconds
Time per FRB: 0.1215 ms

+------------------ Job Report: 11202916 (COMPLETED) ------------------+
| Memory (RAM)  [                    ]  1.8% (289 MB peak / 16 GB)     |
| CPU           [##################  ] 94.0% average                   |
| Time          [>                   ]  4.9% (0-00:04:26 / 0-01:30:00) |
|                                                                      |
| Lustre Filesystem:                                                   |
|   Path    Total Read    Total Write    Total IOPS                    |
|   ------  ------------  -------------  ------------                  |
|   /apps   0 B           0 B            1.8 K                         |
|   /fred   8 KB          33 B           7                             |
|   /home   0 B           0 B            14                            |
|                                                                      |
| Warnings:                                                            |
|   - Too much memory requested                                        |
|   - Too much time requested                                          |
+----------------------------------------------------------------------+
