Running: run_askap_z0.99_1.00.py
Starting redshift chunk: z = 0.99 to 1.00
Processing 2 redshift bins...

Saved: dm_detected_askap_z0.99_1.00.npy
  Total FRB points: 1771577
  Detected (SNR>10): 1017

Chunk completed in 209.89 seconds
Time per FRB: 0.1185 ms

+------------------ Job Report: 11202850 (COMPLETED) ------------------+
| Memory (RAM)  [                    ]  1.7% (283 MB peak / 16 GB)     |
| CPU           [##################  ] 94.6% average                   |
| Time          [>                   ]  4.4% (0-00:03:59 / 0-01:30:00) |
|                                                                      |
| Lustre Filesystem:                                                   |
|   Path    Total Read    Total Write      Total IOPS                  |
|   ------  ------------  -------------  ------------                  |
|   /apps   0 B           0 B                     42                   |
|   /fred   8 KB          33 B                     5                   |
|                                                                      |
| Warnings:                                                            |
|   - Too much memory requested                                        |
|   - Too much time requested                                          |
+----------------------------------------------------------------------+
