Running: run_askap_z0.73_0.74.py
Starting redshift chunk: z = 0.73 to 0.74
Processing 2 redshift bins...

Saved: dm_detected_askap_z0.73_0.74.npy
  Total FRB points: 1266314
  Detected (SNR>10): 1764

Chunk completed in 140.07 seconds
Time per FRB: 0.1106 ms

+------------------ Job Report: 11202824 (COMPLETED) ------------------+
| Memory (RAM)  [                    ]  1.3% (218 MB peak / 16 GB)     |
| CPU           [##################  ] 91.9% average                   |
| Time          [>                   ]  3.0% (0-00:02:40 / 0-01:30:00) |
|                                                                      |
| Lustre Filesystem:                                                   |
|   Path    Total Read    Total Write    Total IOPS                    |
|   ------  ------------  -------------  ------------                  |
|   /apps   0 B           0 B            1.5 K                         |
|   /fred   8 KB          33 B           8                             |
|   /home   0 B           0 B            14                            |
|                                                                      |
| Warnings:                                                            |
|   - Too much memory requested                                        |
|   - Too much time requested                                          |
+----------------------------------------------------------------------+
