Running: run_askap_z1.08_1.09.py
Starting redshift chunk: z = 1.08 to 1.09
Processing 2 redshift bins...

Saved: dm_detected_askap_z1.08_1.09.npy
  Total FRB points: 1894115
  Detected (SNR>10): 827

Chunk completed in 223.39 seconds
Time per FRB: 0.1179 ms

+------------------ Job Report: 11202859 (COMPLETED) ------------------+
| Memory (RAM)  [                    ]  1.8% (299 MB peak / 16 GB)     |
| CPU           [##################  ] 94.3% average                   |
| Time          [>                   ]  4.6% (0-00:04:06 / 0-01:30:00) |
|                                                                      |
| Lustre Filesystem:                                                   |
|   Path    Total Read    Total Write      Total IOPS                  |
|   ------  ------------  -------------  ------------                  |
|   /apps   0 B           0 B                     42                   |
|   /fred   8 KB          33 B                    10                   |
|                                                                      |
| Warnings:                                                            |
|   - Too much memory requested                                        |
|   - Too much time requested                                          |
+----------------------------------------------------------------------+
