Running: run_askap_z1.05_1.06.py
Starting redshift chunk: z = 1.05 to 1.06
Processing 2 redshift bins...

Saved: dm_detected_askap_z1.05_1.06.npy
  Total FRB points: 1856730
  Detected (SNR>10): 891

Chunk completed in 214.15 seconds
Time per FRB: 0.1153 ms

+------------------ Job Report: 11202856 (COMPLETED) ------------------+
| Memory (RAM)  [                    ]  1.8% (295 MB peak / 16 GB)     |
| CPU           [##################  ] 90.2% average                   |
| Time          [>                   ]  4.7% (0-00:04:14 / 0-01:30:00) |
|                                                                      |
| Lustre Filesystem:                                                   |
|   Path    Total Read    Total Write    Total IOPS                    |
|   ------  ------------  -------------  ------------                  |
|   /apps   0 B           0 B            1.4 K                         |
|   /fred   8 KB          33 B           7                             |
|   /home   0 B           0 B            15                            |
|                                                                      |
| Warnings:                                                            |
|   - Too much memory requested                                        |
|   - Too much time requested                                          |
+----------------------------------------------------------------------+
