Running: run_askap_z1.56_1.57.py
Starting redshift chunk: z = 1.56 to 1.57
Processing 2 redshift bins...

Saved: dm_detected_askap_z1.56_1.57.npy
  Total FRB points: 2012295
  Detected (SNR>10): 192

Chunk completed in 224.65 seconds
Time per FRB: 0.1116 ms

+------------------ Job Report: 11202914 (COMPLETED) ------------------+
| Memory (RAM)  [                    ]  1.9% (307 MB peak / 16 GB)     |
| CPU           [##################  ] 93.7% average                   |
| Time          [>                   ]  4.7% (0-00:04:13 / 0-01:30:00) |
|                                                                      |
| Lustre Filesystem:                                                   |
|   Path    Total Read    Total Write    Total IOPS                    |
|   ------  ------------  -------------  ------------                  |
|   /apps   0 B           0 B            2.1 K                         |
|   /fred   8 KB          33 B           13                            |
|   /home   0 B           0 B            15                            |
|                                                                      |
| Warnings:                                                            |
|   - Too much memory requested                                        |
|   - Too much time requested                                          |
+----------------------------------------------------------------------+
