Running: run_askap_z1.18_1.19.py
Starting redshift chunk: z = 1.18 to 1.19
Processing 2 redshift bins...

Saved: dm_detected_askap_z1.18_1.19.npy
  Total FRB points: 1992776
  Detected (SNR>10): 630

Chunk completed in 232.48 seconds
Time per FRB: 0.1167 ms

+------------------ Job Report: 11202870 (COMPLETED) ------------------+
| Memory (RAM)  [                    ]  1.8% (301 MB peak / 16 GB)     |
| CPU           [##################  ] 91.6% average                   |
| Time          [>                   ]  4.8% (0-00:04:21 / 0-01:30:00) |
|                                                                      |
| Lustre Filesystem:                                                   |
|   Path    Total Read    Total Write    Total IOPS                    |
|   ------  ------------  -------------  ------------                  |
|   /apps   0 B           0 B            2 K                           |
|   /fred   8 KB          33 B           6                             |
|   /home   0 B           0 B            15                            |
|                                                                      |
| Warnings:                                                            |
|   - Too much memory requested                                        |
|   - Too much time requested                                          |
+----------------------------------------------------------------------+
