Running: run_askap_z0.30_0.31.py
Starting redshift chunk: z = 0.30 to 0.31
Processing 2 redshift bins...

Saved: dm_detected_askap_z0.30_0.31.npy
  Total FRB points: 292718
  Detected (SNR>10): 2125

Chunk completed in 34.88 seconds
Time per FRB: 0.1192 ms

+------------------ Job Report: 11202780 (COMPLETED) ------------------+
| Memory (RAM)  [                    ]  0.0% (1 MB peak / 16 GB)       |
| CPU           [################    ] 81.5% average                   |
| Time          [>                   ]  1.2% (0-00:01:05 / 0-01:30:00) |
|                                                                      |
| Lustre Filesystem:                                                   |
|   Path    Total Read    Total Write      Total IOPS                  |
|   ------  ------------  -------------  ------------                  |
|   /apps   0 B           0 B                     42                   |
|   /fred   8 KB          33 B                     8                   |
|                                                                      |
| Warnings:                                                            |
|   - Too much memory requested                                        |
|   - Too much time requested                                          |
+----------------------------------------------------------------------+
