Running: run_askap_z0.92_0.93.py
Starting redshift chunk: z = 0.92 to 0.93
Processing 2 redshift bins...

Saved: dm_detected_askap_z0.92_0.93.npy
  Total FRB points: 1655658
  Detected (SNR>10): 1203

Chunk completed in 184.72 seconds
Time per FRB: 0.1116 ms

+------------------ Job Report: 11202843 (COMPLETED) ------------------+
| Memory (RAM)  [                    ]  1.7% (279 MB peak / 16 GB)     |
| CPU           [##################  ] 94.6% average                   |
| Time          [>                   ]  3.8% (0-00:03:23 / 0-01:30:00) |
|                                                                      |
| Lustre Filesystem:                                                   |
|   Path    Total Read    Total Write    Total IOPS                    |
|   ------  ------------  -------------  ------------                  |
|   /apps   0 B           0 B            2 K                           |
|   /fred   8 KB          33 B           7                             |
|   /home   0 B           0 B            14                            |
|                                                                      |
| Warnings:                                                            |
|   - Too much memory requested                                        |
|   - Too much time requested                                          |
+----------------------------------------------------------------------+
