Running: run_askap_z0.54_0.55.py
Starting redshift chunk: z = 0.54 to 0.55
Processing 2 redshift bins...

Saved: dm_detected_askap_z0.54_0.55.npy
  Total FRB points: 815385
  Detected (SNR>10): 2201

Chunk completed in 97.84 seconds
Time per FRB: 0.1200 ms

+------------------ Job Report: 11202805 (COMPLETED) ------------------+
| Memory (RAM)  [                    ]  1.0% (171 MB peak / 16 GB)     |
| CPU           [#################   ] 85.2% average                   |
| Time          [>                   ]  2.5% (0-00:02:15 / 0-01:30:00) |
|                                                                      |
| Lustre Filesystem:                                                   |
|   Path    Total Read    Total Write    Total IOPS                    |
|   ------  ------------  -------------  ------------                  |
|   /apps   0 B           0 B            1.7 K                         |
|   /fred   8 KB          33 B           11                            |
|   /home   0 B           0 B            38                            |
|   OS      0 B           0 B            2                             |
|                                                                      |
| Warnings:                                                            |
|   - Too much memory requested                                        |
|   - Too much time requested                                          |
+----------------------------------------------------------------------+
