Running: run_askap_z0.84_0.85.py
Starting redshift chunk: z = 0.84 to 0.85
Processing 2 redshift bins...

Saved: dm_detected_askap_z0.84_0.85.npy
  Total FRB points: 1503490
  Detected (SNR>10): 1423

Chunk completed in 194.18 seconds
Time per FRB: 0.1292 ms

+------------------ Job Report: 11202835 (COMPLETED) ------------------+
| Memory (RAM)  [                    ]  1.6% (257 MB peak / 16 GB)     |
| CPU           [##################  ] 92.7% average                   |
| Time          [>                   ]  4.1% (0-00:03:39 / 0-01:30:00) |
|                                                                      |
| Lustre Filesystem:                                                   |
|   Path    Total Read    Total Write    Total IOPS                    |
|   ------  ------------  -------------  ------------                  |
|   /apps   0 B           0 B            2 K                           |
|   /fred   8 KB          33 B           8                             |
|   /home   0 B           0 B            15                            |
|                                                                      |
| Warnings:                                                            |
|   - Too much memory requested                                        |
|   - Too much time requested                                          |
+----------------------------------------------------------------------+
