Running: run_askap_z1.47_1.48.py
Starting redshift chunk: z = 1.47 to 1.48
Processing 2 redshift bins...

Saved: dm_detected_askap_z1.47_1.48.npy
  Total FRB points: 2054255
  Detected (SNR>10): 260

Chunk completed in 246.28 seconds
Time per FRB: 0.1199 ms

+------------------ Job Report: 11202903 (COMPLETED) ------------------+
| Memory (RAM)  [                    ]  1.8% (290 MB peak / 16 GB)     |
| CPU           [##################  ] 94.4% average                   |
| Time          [>                   ]  5.0% (0-00:04:28 / 0-01:30:00) |
|                                                                      |
| Lustre Filesystem:                                                   |
|   Path    Total Read    Total Write      Total IOPS                  |
|   ------  ------------  -------------  ------------                  |
|   /apps   0 B           0 B                     42                   |
|   /fred   8 KB          33 B                     4                   |
|                                                                      |
| Warnings:                                                            |
|   - Too much memory requested                                        |
|   - Too much time requested                                          |
+----------------------------------------------------------------------+
