Running: run_askap_z1.45_1.46.py
Starting redshift chunk: z = 1.45 to 1.46
Processing 2 redshift bins...

Saved: dm_detected_askap_z1.45_1.46.npy
  Total FRB points: 2060051
  Detected (SNR>10): 289

Chunk completed in 228.67 seconds
Time per FRB: 0.1110 ms

+------------------ Job Report: 11202901 (COMPLETED) ------------------+
| Memory (RAM)  [                    ]  1.9% (312 MB peak / 16 GB)     |
| CPU           [##################  ] 93.6% average                   |
| Time          [>                   ]  4.6% (0-00:04:10 / 0-01:30:00) |
|                                                                      |
| Lustre Filesystem:                                                   |
|   Path    Total Read    Total Write      Total IOPS                  |
|   ------  ------------  -------------  ------------                  |
|   /apps   0 B           0 B                     42                   |
|   /fred   8 KB          33 B                     4                   |
|                                                                      |
| Warnings:                                                            |
|   - Too much memory requested                                        |
|   - Too much time requested                                          |
+----------------------------------------------------------------------+
