Running: run_askap_z0.53_0.54.py
Starting redshift chunk: z = 0.53 to 0.54
Processing 2 redshift bins...

Saved: dm_detected_askap_z0.53_0.54.npy
  Total FRB points: 791441
  Detected (SNR>10): 2223

Chunk completed in 94.87 seconds
Time per FRB: 0.1199 ms

+------------------ Job Report: 11202804 (COMPLETED) ------------------+
| Memory (RAM)  [                    ]  1.0% (162 MB peak / 16 GB)     |
| CPU           [#################   ] 85.1% average                   |
| Time          [>                   ]  2.6% (0-00:02:21 / 0-01:30:00) |
|                                                                      |
| Lustre Filesystem:                                                   |
|   Path    Total Read    Total Write    Total IOPS                    |
|   ------  ------------  -------------  ------------                  |
|   /apps   0 B           0 B            1.4 K                         |
|   /fred   8 KB          33 B           9                             |
|   /home   0 B           0 B            15                            |
|                                                                      |
| Warnings:                                                            |
|   - Too much memory requested                                        |
|   - Too much time requested                                          |
+----------------------------------------------------------------------+
