Running: run_askap_z1.19_1.20.py
Starting redshift chunk: z = 1.19 to 1.20
Processing 2 redshift bins...

Saved: dm_detected_askap_z1.19_1.20.npy
  Total FRB points: 2000412
  Detected (SNR>10): 611

Chunk completed in 235.14 seconds
Time per FRB: 0.1175 ms

+------------------ Job Report: 11202871 (COMPLETED) ------------------+
| Memory (RAM)  [                    ]  2.0% (322 MB peak / 16 GB)     |
| CPU           [##################  ] 93.4% average                   |
| Time          [>                   ]  4.8% (0-00:04:19 / 0-01:30:00) |
|                                                                      |
| Lustre Filesystem:                                                   |
|   Path    Total Read    Total Write    Total IOPS                    |
|   ------  ------------  -------------  ------------                  |
|   /apps   0 B           0 B            2 K                           |
|   /fred   8 KB          33 B           7                             |
|   /home   0 B           0 B            15                            |
|                                                                      |
| Warnings:                                                            |
|   - Too much memory requested                                        |
|   - Too much time requested                                          |
+----------------------------------------------------------------------+
