Running: run_askap_z0.97_0.98.py
Starting redshift chunk: z = 0.97 to 0.98
Processing 2 redshift bins...

Saved: dm_detected_askap_z0.97_0.98.npy
  Total FRB points: 1740220
  Detected (SNR>10): 1074

Chunk completed in 201.07 seconds
Time per FRB: 0.1155 ms

+------------------ Job Report: 11202848 (COMPLETED) ------------------+
| Memory (RAM)  [                    ]  1.7% (274 MB peak / 16 GB)     |
| CPU           [##################  ] 94.5% average                   |
| Time          [>                   ]  4.1% (0-00:03:39 / 0-01:30:00) |
|                                                                      |
| Lustre Filesystem:                                                   |
|   Path    Total Read    Total Write      Total IOPS                  |
|   ------  ------------  -------------  ------------                  |
|   /apps   0 B           0 B                     42                   |
|   /fred   8 KB          33 B                     7                   |
|                                                                      |
| Warnings:                                                            |
|   - Too much memory requested                                        |
|   - Too much time requested                                          |
+----------------------------------------------------------------------+
