Running: run_askap_z1.68_1.69.py
Starting redshift chunk: z = 1.68 to 1.69
Processing 2 redshift bins...

Saved: dm_detected_askap_z1.68_1.69.npy
  Total FRB points: 1921227
  Detected (SNR>10): 126

Chunk completed in 233.02 seconds
Time per FRB: 0.1213 ms

+------------------ Job Report: 11202927 (COMPLETED) ------------------+
| Memory (RAM)  [                    ]  1.8% (287 MB peak / 16 GB)     |
| CPU           [##################  ] 94.5% average                   |
| Time          [>                   ]  4.7% (0-00:04:14 / 0-01:30:00) |
|                                                                      |
| Lustre Filesystem:                                                   |
|   Path    Total Read    Total Write    Total IOPS                    |
|   ------  ------------  -------------  ------------                  |
|   /apps   0 B           0 B            2.1 K                         |
|   /fred   8 KB          33 B           11                            |
|   /home   0 B           0 B            15                            |
|   OS      0 B           0 B            1                             |
|                                                                      |
| Warnings:                                                            |
|   - Too much memory requested                                        |
|   - Too much time requested                                          |
+----------------------------------------------------------------------+
