Running: run_askap_z0.67_0.68.py
Starting redshift chunk: z = 0.67 to 0.68
Processing 2 redshift bins...

Saved: dm_detected_askap_z0.67_0.68.npy
  Total FRB points: 1127093
  Detected (SNR>10): 1926

Chunk completed in 129.95 seconds
Time per FRB: 0.1153 ms

+------------------ Job Report: 11202818 (COMPLETED) ------------------+
| Memory (RAM)  [                    ]  1.3% (215 MB peak / 16 GB)     |
| CPU           [##################  ] 90.7% average                   |
| Time          [>                   ]  2.8% (0-00:02:31 / 0-01:30:00) |
|                                                                      |
| Lustre Filesystem:                                                   |
|   Path    Total Read    Total Write    Total IOPS                    |
|   ------  ------------  -------------  ------------                  |
|   /apps   0 B           0 B            1.9 K                         |
|   /fred   8 KB          33 B           9                             |
|   /home   0 B           0 B            15                            |
|                                                                      |
| Warnings:                                                            |
|   - Too much memory requested                                        |
|   - Too much time requested                                          |
+----------------------------------------------------------------------+
