Running: run_askap_z1.00_1.01.py
Starting redshift chunk: z = 1.00 to 1.01
Processing 2 redshift bins...

Saved: dm_detected_askap_z1.00_1.01.npy
  Total FRB points: 1786708
  Detected (SNR>10): 991

Chunk completed in 228.24 seconds
Time per FRB: 0.1277 ms

+------------------ Job Report: 11202851 (COMPLETED) ------------------+
| Memory (RAM)  [                    ]  1.7% (283 MB peak / 16 GB)     |
| CPU           [##################  ] 94.1% average                   |
| Time          [>                   ]  4.7% (0-00:04:13 / 0-01:30:00) |
|                                                                      |
| Lustre Filesystem:                                                   |
|   Path    Total Read    Total Write      Total IOPS                  |
|   ------  ------------  -------------  ------------                  |
|   /apps   0 B           0 B                    479                   |
|   /fred   8 KB          33 B                     7                   |
|   /home   0 B           0 B                      8                   |
|                                                                      |
| Warnings:                                                            |
|   - Too much memory requested                                        |
|   - Too much time requested                                          |
+----------------------------------------------------------------------+
