Running: run_askap_z1.50_1.51.py
Starting redshift chunk: z = 1.50 to 1.51
Processing 2 redshift bins...

Saved: dm_detected_askap_z1.50_1.51.npy
  Total FRB points: 2043079
  Detected (SNR>10): 235

Chunk completed in 225.30 seconds
Time per FRB: 0.1103 ms

+------------------ Job Report: 11202908 (COMPLETED) ------------------+
| Memory (RAM)  [                    ]  1.5% (245 MB peak / 16 GB)     |
| CPU           [##################  ] 94.3% average                   |
| Time          [>                   ]  4.6% (0-00:04:06 / 0-01:30:00) |
|                                                                      |
| Lustre Filesystem:                                                   |
|   Path    Total Read    Total Write    Total IOPS                    |
|   ------  ------------  -------------  ------------                  |
|   /apps   0 B           0 B            1.5 K                         |
|   /fred   8 KB          33 B           4                             |
|   /home   0 B           0 B            14                            |
|                                                                      |
| Warnings:                                                            |
|   - Too much memory requested                                        |
|   - Too much time requested                                          |
+----------------------------------------------------------------------+
