Running: run_askap_z1.40_1.41.py
Starting redshift chunk: z = 1.40 to 1.41
Processing 2 redshift bins...

Saved: dm_detected_askap_z1.40_1.41.npy
  Total FRB points: 2068481
  Detected (SNR>10): 345

Chunk completed in 232.97 seconds
Time per FRB: 0.1126 ms

+------------------ Job Report: 11202896 (COMPLETED) ------------------+
| Memory (RAM)  [                    ]  1.9% (307 MB peak / 16 GB)     |
| CPU           [##################  ] 94.1% average                   |
| Time          [>                   ]  4.7% (0-00:04:16 / 0-01:30:00) |
|                                                                      |
| Lustre Filesystem:                                                   |
|   Path    Total Read    Total Write      Total IOPS                  |
|   ------  ------------  -------------  ------------                  |
|   /apps   0 B           0 B                     42                   |
|   /fred   8 KB          33 B                     7                   |
|                                                                      |
| Warnings:                                                            |
|   - Too much memory requested                                        |
|   - Too much time requested                                          |
+----------------------------------------------------------------------+
