Running: run_askap_z0.65_0.66.py
Starting redshift chunk: z = 0.65 to 0.66
Processing 2 redshift bins...

Saved: dm_detected_askap_z0.65_0.66.npy
  Total FRB points: 1079673
  Detected (SNR>10): 1983

Chunk completed in 124.56 seconds
Time per FRB: 0.1154 ms

+------------------ Job Report: 11202816 (COMPLETED) ------------------+
| Memory (RAM)  [                    ]  1.3% (212 MB peak / 16 GB)     |
| CPU           [#################   ] 89.9% average                   |
| Time          [>                   ]  2.7% (0-00:02:28 / 0-01:30:00) |
|                                                                      |
| Lustre Filesystem:                                                   |
|   Path    Total Read    Total Write      Total IOPS                  |
|   ------  ------------  -------------  ------------                  |
|   /apps   0 B           0 B                    647                   |
|   /fred   8 KB          33 B                     6                   |
|   /home   4 KB          0 B                     14                   |
|                                                                      |
| Warnings:                                                            |
|   - Too much memory requested                                        |
|   - Too much time requested                                          |
+----------------------------------------------------------------------+
