Running: run_askap_z1.13_1.14.py
Starting redshift chunk: z = 1.13 to 1.14
Processing 2 redshift bins...

Saved: dm_detected_askap_z1.13_1.14.npy
  Total FRB points: 1948490
  Detected (SNR>10): 728

Chunk completed in 235.18 seconds
Time per FRB: 0.1207 ms

+------------------ Job Report: 11202864 (COMPLETED) ------------------+
| Memory (RAM)  [                    ]  1.9% (310 MB peak / 16 GB)     |
| CPU           [##################  ] 92.5% average                   |
| Time          [>                   ]  5.0% (0-00:04:28 / 0-01:30:00) |
|                                                                      |
| Lustre Filesystem:                                                   |
|   Path    Total Read    Total Write    Total IOPS                    |
|   ------  ------------  -------------  ------------                  |
|   /apps   0 B           0 B            1.4 K                         |
|   /fred   8 KB          33 B           9                             |
|   /home   0 B           0 B            15                            |
|                                                                      |
| Warnings:                                                            |
|   - Too much memory requested                                        |
|   - Too much time requested                                          |
+----------------------------------------------------------------------+
