Running: run_askap_z1.66_1.67.py
Starting redshift chunk: z = 1.66 to 1.67
Processing 2 redshift bins...

Saved: dm_detected_askap_z1.66_1.67.npy
  Total FRB points: 1938822
  Detected (SNR>10): 133

Chunk completed in 233.11 seconds
Time per FRB: 0.1202 ms

+------------------ Job Report: 11202925 (COMPLETED) ------------------+
| Memory (RAM)  [                    ]  1.8% (289 MB peak / 16 GB)     |
| CPU           [##################  ] 94.1% average                   |
| Time          [>                   ]  4.7% (0-00:04:14 / 0-01:30:00) |
|                                                                      |
| Lustre Filesystem:                                                   |
|   Path    Total Read    Total Write      Total IOPS                  |
|   ------  ------------  -------------  ------------                  |
|   /apps   0 B           0 B                     42                   |
|   /fred   8 KB          33 B                     6                   |
|                                                                      |
| Warnings:                                                            |
|   - Too much memory requested                                        |
|   - Too much time requested                                          |
+----------------------------------------------------------------------+
