Running: run_askap_z1.64_1.65.py
Starting redshift chunk: z = 1.64 to 1.65
Processing 2 redshift bins...

Saved: dm_detected_askap_z1.64_1.65.npy
  Total FRB points: 1955515
  Detected (SNR>10): 144

Chunk completed in 235.26 seconds
Time per FRB: 0.1203 ms

+------------------ Job Report: 11202923 (COMPLETED) ------------------+
| Memory (RAM)  [                    ]  1.8% (294 MB peak / 16 GB)     |
| CPU           [##################  ] 94.2% average                   |
| Time          [>                   ]  4.8% (0-00:04:19 / 0-01:30:00) |
|                                                                      |
| Lustre Filesystem:                                                   |
|   Path    Total Read    Total Write    Total IOPS                    |
|   ------  ------------  -------------  ------------                  |
|   /apps   0 B           0 B            1.9 K                         |
|   /fred   8 KB          33 B           8                             |
|   /home   0 B           0 B            15                            |
|                                                                      |
| Warnings:                                                            |
|   - Too much memory requested                                        |
|   - Too much time requested                                          |
+----------------------------------------------------------------------+
