Running: run_askap_z1.12_1.13.py
Starting redshift chunk: z = 1.12 to 1.13
Processing 1 redshift bins...

Saved: dm_detected_askap_z1.12_1.13.npy
  Total FRB points: 966640
  Detected (SNR>10): 379

Chunk completed in 114.35 seconds
Time per FRB: 0.1183 ms

+------------------ Job Report: 11202863 (COMPLETED) ------------------+
| Memory (RAM)  [                    ]  1.0% (163 MB peak / 16 GB)     |
| CPU           [################    ] 84.1% average                   |
| Time          [>                   ]  3.0% (0-00:02:44 / 0-01:30:00) |
|                                                                      |
| Lustre Filesystem:                                                   |
|   Path    Total Read    Total Write    Total IOPS                    |
|   ------  ------------  -------------  ------------                  |
|   /apps   0 B           0 B            1.4 K                         |
|   /fred   8 KB          33 B           9                             |
|   /home   0 B           0 B            15                            |
|                                                                      |
| Warnings:                                                            |
|   - Too much memory requested                                        |
|   - Too much time requested                                          |
+----------------------------------------------------------------------+
