Running: run_askap_z1.07_1.08.py
Starting redshift chunk: z = 1.07 to 1.08
Processing 2 redshift bins...

Saved: dm_detected_askap_z1.07_1.08.npy
  Total FRB points: 1882045
  Detected (SNR>10): 847

Chunk completed in 227.19 seconds
Time per FRB: 0.1207 ms

+------------------ Job Report: 11202858 (COMPLETED) ------------------+
| Memory (RAM)  [                    ]  1.8% (288 MB peak / 16 GB)     |
| CPU           [##################  ] 93.3% average                   |
| Time          [>                   ]  4.7% (0-00:04:13 / 0-01:30:00) |
|                                                                      |
| Lustre Filesystem:                                                   |
|   Path    Total Read    Total Write      Total IOPS                  |
|   ------  ------------  -------------  ------------                  |
|   /apps   0 B           0 B                     42                   |
|   /fred   8 KB          33 B                     4                   |
|                                                                      |
| Warnings:                                                            |
|   - Too much memory requested                                        |
|   - Too much time requested                                          |
+----------------------------------------------------------------------+
