Running: run_askap_z1.32_1.33.py
Starting redshift chunk: z = 1.32 to 1.33
Processing 2 redshift bins...

Saved: dm_detected_askap_z1.32_1.33.npy
  Total FRB points: 2062915
  Detected (SNR>10): 438

Chunk completed in 248.36 seconds
Time per FRB: 0.1204 ms

+------------------ Job Report: 11202886 (COMPLETED) ------------------+
| Memory (RAM)  [                    ]  1.8% (295 MB peak / 16 GB)     |
| CPU           [##################  ] 94.1% average                   |
| Time          [->                  ]  5.0% (0-00:04:32 / 0-01:30:00) |
|                                                                      |
| Lustre Filesystem:                                                   |
|   Path    Total Read    Total Write    Total IOPS                    |
|   ------  ------------  -------------  ------------                  |
|   /apps   0 B           0 B            1.4 K                         |
|   /fred   8 KB          33 B           7                             |
|   /home   0 B           0 B            10                            |
|                                                                      |
| Warnings:                                                            |
|   - Too much memory requested                                        |
|   - Too much time requested                                          |
+----------------------------------------------------------------------+
