Running: run_askap_z0.72_0.73.py
Starting redshift chunk: z = 0.72 to 0.73
Processing 2 redshift bins...

Saved: dm_detected_askap_z0.72_0.73.npy
  Total FRB points: 1243492
  Detected (SNR>10): 1788

Chunk completed in 136.18 seconds
Time per FRB: 0.1095 ms

+------------------ Job Report: 11202823 (COMPLETED) ------------------+
| Memory (RAM)  [                    ]  1.1% (182 MB peak / 16 GB)     |
| CPU           [##################  ] 91.1% average                   |
| Time          [>                   ]  2.9% (0-00:02:37 / 0-01:30:00) |
|                                                                      |
| Lustre Filesystem:                                                   |
|   Path    Total Read    Total Write    Total IOPS                    |
|   ------  ------------  -------------  ------------                  |
|   /apps   0 B           0 B            1.5 K                         |
|   /fred   8 KB          33 B           7                             |
|   /home   0 B           0 B            14                            |
|                                                                      |
| Warnings:                                                            |
|   - Too much memory requested                                        |
|   - Too much time requested                                          |
+----------------------------------------------------------------------+
