Running: run_askap_z0.75_0.76.py
Starting redshift chunk: z = 0.75 to 0.76
Processing 2 redshift bins...

Saved: dm_detected_askap_z0.75_0.76.npy
  Total FRB points: 1311414
  Detected (SNR>10): 1702

Chunk completed in 142.67 seconds
Time per FRB: 0.1088 ms

+------------------ Job Report: 11202826 (COMPLETED) ------------------+
| Memory (RAM)  [                    ]  1.3% (211 MB peak / 16 GB)     |
| CPU           [##################  ] 90.9% average                   |
| Time          [>                   ]  3.1% (0-00:02:45 / 0-01:30:00) |
|                                                                      |
| Lustre Filesystem:                                                   |
|   Path    Total Read    Total Write    Total IOPS                    |
|   ------  ------------  -------------  ------------                  |
|   /apps   0 B           0 B            2.1 K                         |
|   /fred   8 KB          33 B           7                             |
|   /home   0 B           0 B            15                            |
|                                                                      |
| Warnings:                                                            |
|   - Too much memory requested                                        |
|   - Too much time requested                                          |
+----------------------------------------------------------------------+
