Running: run_askap_z1.29_1.30.py
Starting redshift chunk: z = 1.29 to 1.30
Processing 2 redshift bins...

Saved: dm_detected_askap_z1.29_1.30.npy
  Total FRB points: 2054488
  Detected (SNR>10): 473

Chunk completed in 241.09 seconds
Time per FRB: 0.1173 ms

+------------------ Job Report: 11202883 (COMPLETED) ------------------+
| Memory (RAM)  [                    ]  1.8% (287 MB peak / 16 GB)     |
| CPU           [##################  ] 91.4% average                   |
| Time          [->                  ]  5.2% (0-00:04:39 / 0-01:30:00) |
|                                                                      |
| Lustre Filesystem:                                                   |
|   Path    Total Read    Total Write    Total IOPS                    |
|   ------  ------------  -------------  ------------                  |
|   /apps   0 B           0 B            1.8 K                         |
|   /fred   8 KB          33 B           7                             |
|   /home   0 B           0 B            15                            |
|                                                                      |
| Warnings:                                                            |
|   - Too much memory requested                                        |
|   - Too much time requested                                          |
+----------------------------------------------------------------------+
