Running: run_askap_z0.52_0.53.py
Starting redshift chunk: z = 0.52 to 0.53
Processing 2 redshift bins...

Saved: dm_detected_askap_z0.52_0.53.npy
  Total FRB points: 767572
  Detected (SNR>10): 2230

Chunk completed in 92.43 seconds
Time per FRB: 0.1204 ms

+------------------ Job Report: 11202803 (COMPLETED) ------------------+
| Memory (RAM)  [                    ]  1.1% (178 MB peak / 16 GB)     |
| CPU           [#################   ] 87.1% average                   |
| Time          [>                   ]  2.1% (0-00:01:56 / 0-01:30:00) |
|                                                                      |
| Lustre Filesystem:                                                   |
|   Path    Total Read    Total Write      Total IOPS                  |
|   ------  ------------  -------------  ------------                  |
|   /apps   0 B           0 B                     42                   |
|   /fred   8 KB          33 B                     8                   |
|                                                                      |
| Warnings:                                                            |
|   - Too much memory requested                                        |
|   - Too much time requested                                          |
+----------------------------------------------------------------------+
