Running: run_askap_z1.04_1.05.py
Starting redshift chunk: z = 1.04 to 1.05
Processing 2 redshift bins...

Saved: dm_detected_askap_z1.04_1.05.npy
  Total FRB points: 1843488
  Detected (SNR>10): 902

Chunk completed in 209.75 seconds
Time per FRB: 0.1138 ms

+------------------ Job Report: 11202855 (COMPLETED) ------------------+
| Memory (RAM)  [                    ]  1.8% (299 MB peak / 16 GB)     |
| CPU           [##################  ] 92.1% average                   |
| Time          [>                   ]  4.5% (0-00:04:02 / 0-01:30:00) |
|                                                                      |
| Lustre Filesystem:                                                   |
|   Path    Total Read    Total Write    Total IOPS                    |
|   ------  ------------  -------------  ------------                  |
|   /apps   0 B           0 B            1.8 K                         |
|   /fred   8 KB          33 B           8                             |
|   /home   0 B           0 B            15                            |
|                                                                      |
| Warnings:                                                            |
|   - Too much memory requested                                        |
|   - Too much time requested                                          |
+----------------------------------------------------------------------+
