Running: run_askap_z0.37_0.38.py
Starting redshift chunk: z = 0.37 to 0.38
Processing 2 redshift bins...

Saved: dm_detected_askap_z0.37_0.38.npy
  Total FRB points: 428958
  Detected (SNR>10): 2254

Chunk completed in 50.27 seconds
Time per FRB: 0.1172 ms

+------------------ Job Report: 11202788 (COMPLETED) ------------------+
| Memory (RAM)  [                    ]  0.8% (129 MB peak / 16 GB)     |
| CPU           [###############     ] 78.9% average                   |
| Time          [>                   ]  1.8% (0-00:01:35 / 0-01:30:00) |
|                                                                      |
| Lustre Filesystem:                                                   |
|   Path    Total Read    Total Write    Total IOPS                    |
|   ------  ------------  -------------  ------------                  |
|   /apps   0 B           0 B            1.4 K                         |
|   /fred   8 KB          33 B           11                            |
|   /home   0 B           0 B            15                            |
|                                                                      |
| Warnings:                                                            |
|   - Too much memory requested                                        |
|   - Too much time requested                                          |
+----------------------------------------------------------------------+
