Running: run_askap_z0.55_0.56.py
Starting redshift chunk: z = 0.55 to 0.56
Processing 2 redshift bins...

Saved: dm_detected_askap_z0.55_0.56.npy
  Total FRB points: 839389
  Detected (SNR>10): 2184

Chunk completed in 98.09 seconds
Time per FRB: 0.1169 ms

+------------------ Job Report: 11202806 (COMPLETED) ------------------+
| Memory (RAM)  [                    ]  1.0% (172 MB peak / 16 GB)     |
| CPU           [#################   ] 85.2% average                   |
| Time          [>                   ]  2.5% (0-00:02:15 / 0-01:30:00) |
|                                                                      |
| Lustre Filesystem:                                                   |
|   Path    Total Read    Total Write    Total IOPS                    |
|   ------  ------------  -------------  ------------                  |
|   /apps   0 B           0 B            1.8 K                         |
|   /fred   8 KB          33 B           8                             |
|   /home   0 B           0 B            15                            |
|                                                                      |
| Warnings:                                                            |
|   - Too much memory requested                                        |
|   - Too much time requested                                          |
+----------------------------------------------------------------------+
