Running: run_askap_z0.32_0.33.py
Starting redshift chunk: z = 0.32 to 0.33
Processing 2 redshift bins...

Saved: dm_detected_askap_z0.32_0.33.npy
  Total FRB points: 329701
  Detected (SNR>10): 2185

Chunk completed in 39.83 seconds
Time per FRB: 0.1208 ms

+------------------ Job Report: 11202782 (COMPLETED) ------------------+
| Memory (RAM)  [                    ]  0.0% (1 MB peak / 16 GB)       |
| CPU           [###############     ] 79.7% average                   |
| Time          [>                   ]  1.2% (0-00:01:04 / 0-01:30:00) |
|                                                                      |
| Lustre Filesystem:                                                   |
|   Path    Total Read    Total Write    Total IOPS                    |
|   ------  ------------  -------------  ------------                  |
|   /apps   2.5 MB        0 B            2.6 K                         |
|   /fred   8 KB          0 B            6                             |
|   /home   4 KB          0 B            33                            |
|   OS      0 B           0 B            1                             |
|                                                                      |
| Warnings:                                                            |
|   - Too much memory requested                                        |
|   - Too much time requested                                          |
+----------------------------------------------------------------------+
