Running: run_askap_z1.41_1.42.py
Starting redshift chunk: z = 1.41 to 1.42
Processing 2 redshift bins...

Saved: dm_detected_askap_z1.41_1.42.npy
  Total FRB points: 2067505
  Detected (SNR>10): 340

Chunk completed in 230.58 seconds
Time per FRB: 0.1115 ms

+------------------ Job Report: 11202897 (COMPLETED) ------------------+
| Memory (RAM)  [                    ]  1.9% (309 MB peak / 16 GB)     |
| CPU           [##################  ] 94.4% average                   |
| Time          [>                   ]  4.6% (0-00:04:11 / 0-01:30:00) |
|                                                                      |
| Lustre Filesystem:                                                   |
|   Path    Total Read    Total Write    Total IOPS                    |
|   ------  ------------  -------------  ------------                  |
|   /apps   0 B           0 B            2 K                           |
|   /fred   8 KB          33 B           11                            |
|   /home   0 B           0 B            15                            |
|                                                                      |
| Warnings:                                                            |
|   - Too much memory requested                                        |
|   - Too much time requested                                          |
+----------------------------------------------------------------------+
