Running: run_askap_z0.38_0.39.py
Starting redshift chunk: z = 0.38 to 0.39
Processing 2 redshift bins...

Saved: dm_detected_askap_z0.38_0.39.npy
  Total FRB points: 449849
  Detected (SNR>10): 2263

Chunk completed in 54.21 seconds
Time per FRB: 0.1205 ms

+------------------ Job Report: 11202789 (COMPLETED) ------------------+
| Memory (RAM)  [                    ]  0.0% (1 MB peak / 16 GB)       |
| CPU           [################    ] 81.0% average                   |
| Time          [>                   ]  1.5% (0-00:01:19 / 0-01:30:00) |
|                                                                      |
| Lustre Filesystem:                                                   |
|   Path    Total Read    Total Write      Total IOPS                  |
|   ------  ------------  -------------  ------------                  |
|   /apps   0 B           0 B                     42                   |
|   /fred   8 KB          33 B                    10                   |
|                                                                      |
| Warnings:                                                            |
|   - Too much memory requested                                        |
|   - Too much time requested                                          |
+----------------------------------------------------------------------+
