Running: run_askap_z1.20_1.21.py
Starting redshift chunk: z = 1.20 to 1.21
Processing 2 redshift bins...

Saved: dm_detected_askap_z1.20_1.21.npy
  Total FRB points: 2007642
  Detected (SNR>10): 598

Chunk completed in 246.36 seconds
Time per FRB: 0.1227 ms

+------------------ Job Report: 11202872 (COMPLETED) ------------------+
| Memory (RAM)  [                    ]  1.9% (314 MB peak / 16 GB)     |
| CPU           [##################  ] 94.8% average                   |
| Time          [>                   ]  4.9% (0-00:04:27 / 0-01:30:00) |
|                                                                      |
| Lustre Filesystem:                                                   |
|   Path    Total Read    Total Write      Total IOPS                  |
|   ------  ------------  -------------  ------------                  |
|   /apps   0 B           0 B                     42                   |
|   /fred   8 KB          33 B                     8                   |
|                                                                      |
| Warnings:                                                            |
|   - Too much memory requested                                        |
|   - Too much time requested                                          |
+----------------------------------------------------------------------+
