Running: run_askap_z1.35_1.36.py
Starting redshift chunk: z = 1.35 to 1.36
Processing 2 redshift bins...

Saved: dm_detected_askap_z1.35_1.36.npy
  Total FRB points: 2067839
  Detected (SNR>10): 402

Chunk completed in 263.42 seconds
Time per FRB: 0.1274 ms

+------------------ Job Report: 11202889 (COMPLETED) ------------------+
| Memory (RAM)  [                    ]  1.8% (303 MB peak / 16 GB)     |
| CPU           [##################  ] 94.1% average                   |
| Time          [->                  ]  5.4% (0-00:04:50 / 0-01:30:00) |
|                                                                      |
| Lustre Filesystem:                                                   |
|   Path    Total Read    Total Write    Total IOPS                    |
|   ------  ------------  -------------  ------------                  |
|   /apps   0 B           0 B            1.1 K                         |
|   /fred   8 KB          33 B           8                             |
|   /home   0 B           0 B            9                             |
|                                                                      |
| Warnings:                                                            |
|   - Too much memory requested                                        |
|   - Too much time requested                                          |
+----------------------------------------------------------------------+
