Running: run_askap_z0.40_0.41.py
Starting redshift chunk: z = 0.40 to 0.41
Processing 1 redshift bins...

Saved: dm_detected_askap_z0.40_0.41.npy
  Total FRB points: 240863
  Detected (SNR>10): 1114

Chunk completed in 30.19 seconds
Time per FRB: 0.1253 ms

+------------------ Job Report: 11202791 (COMPLETED) ------------------+
| Memory (RAM)  [                    ]  0.0% (1 MB peak / 16 GB)       |
| CPU           [##############      ] 71.2% average                   |
| Time          [>                   ]  1.2% (0-00:01:06 / 0-01:30:00) |
|                                                                      |
| Lustre Filesystem:                                                   |
|   Path    Total Read    Total Write      Total IOPS                  |
|   ------  ------------  -------------  ------------                  |
|   /apps   0 B           0 B                     14                   |
|   /fred   0 B           0 B                      4                   |
|                                                                      |
| Warnings:                                                            |
|   - Too much memory requested                                        |
|   - CPU usage is low                                                 |
|   - Too much time requested                                          |
+----------------------------------------------------------------------+
