Running: run_askap_z0.78_0.79.py
Starting redshift chunk: z = 0.78 to 0.79
Processing 2 redshift bins...

Saved: dm_detected_askap_z0.78_0.79.npy
  Total FRB points: 1377555
  Detected (SNR>10): 1625

Chunk completed in 168.81 seconds
Time per FRB: 0.1225 ms

+------------------ Job Report: 11202829 (COMPLETED) ------------------+
| Memory (RAM)  [                    ]  1.4% (230 MB peak / 16 GB)     |
| CPU           [##################  ] 93.2% average                   |
| Time          [>                   ]  3.5% (0-00:03:10 / 0-01:30:00) |
|                                                                      |
| Lustre Filesystem:                                                   |
|   Path    Total Read    Total Write    Total IOPS                    |
|   ------  ------------  -------------  ------------                  |
|   /apps   0 B           0 B            1.8 K                         |
|   /fred   8 KB          33 B           7                             |
|   /home   0 B           0 B            14                            |
|                                                                      |
| Warnings:                                                            |
|   - Too much memory requested                                        |
|   - Too much time requested                                          |
+----------------------------------------------------------------------+
