Running: run_askap_z1.22_1.23.py
Starting redshift chunk: z = 1.22 to 1.23
Processing 2 redshift bins...

Saved: dm_detected_askap_z1.22_1.23.npy
  Total FRB points: 2020881
  Detected (SNR>10): 559

Chunk completed in 238.78 seconds
Time per FRB: 0.1182 ms

+------------------ Job Report: 11202876 (COMPLETED) ------------------+
| Memory (RAM)  [                    ]  1.9% (305 MB peak / 16 GB)     |
| CPU           [#################   ] 89.9% average                   |
| Time          [->                  ]  5.3% (0-00:04:48 / 0-01:30:00) |
|                                                                      |
| Lustre Filesystem:                                                   |
|   Path    Total Read    Total Write    Total IOPS                    |
|   ------  ------------  -------------  ------------                  |
|   /apps   79.9 MB       0 B            5.4 K                         |
|   /fred   8 KB          33 B           13                            |
|   /home   124 KB        0 B            43                            |
|                                                                      |
| Warnings:                                                            |
|   - Too much memory requested                                        |
|   - Too much time requested                                          |
+----------------------------------------------------------------------+
