Running: run_askap_z0.74_0.75.py
Starting redshift chunk: z = 0.74 to 0.75
Processing 2 redshift bins...

Saved: dm_detected_askap_z0.74_0.75.npy
  Total FRB points: 1288958
  Detected (SNR>10): 1732

Chunk completed in 155.02 seconds
Time per FRB: 0.1203 ms

+------------------ Job Report: 11202825 (COMPLETED) ------------------+
| Memory (RAM)  [                    ]  1.3% (211 MB peak / 16 GB)     |
| CPU           [##################  ] 92.6% average                   |
| Time          [>                   ]  3.3% (0-00:02:56 / 0-01:30:00) |
|                                                                      |
| Lustre Filesystem:                                                   |
|   Path    Total Read    Total Write      Total IOPS                  |
|   ------  ------------  -------------  ------------                  |
|   /apps   0 B           0 B                     42                   |
|   /fred   8 KB          33 B                     7                   |
|                                                                      |
| Warnings:                                                            |
|   - Too much memory requested                                        |
|   - Too much time requested                                          |
+----------------------------------------------------------------------+
