Running: run_askap_z1.17_1.18.py
Starting redshift chunk: z = 1.17 to 1.18
Processing 2 redshift bins...

Saved: dm_detected_askap_z1.17_1.18.npy
  Total FRB points: 1984732
  Detected (SNR>10): 655

Chunk completed in 241.63 seconds
Time per FRB: 0.1217 ms

+------------------ Job Report: 11202869 (COMPLETED) ------------------+
| Memory (RAM)  [                    ]  1.8% (302 MB peak / 16 GB)     |
| CPU           [##################  ] 91.9% average                   |
| Time          [->                  ]  5.3% (0-00:04:45 / 0-01:30:00) |
|                                                                      |
| Lustre Filesystem:                                                   |
|   Path    Total Read    Total Write    Total IOPS                    |
|   ------  ------------  -------------  ------------                  |
|   /apps   0 B           0 B            2 K                           |
|   /fred   8 KB          33 B           4                             |
|   /home   0 B           0 B            15                            |
|                                                                      |
| Warnings:                                                            |
|   - Too much memory requested                                        |
|   - Too much time requested                                          |
+----------------------------------------------------------------------+
