Running: run_askap_z0.69_0.70.py
Starting redshift chunk: z = 0.69 to 0.70
Processing 2 redshift bins...

Saved: dm_detected_askap_z0.69_0.70.npy
  Total FRB points: 1174067
  Detected (SNR>10): 1862

Chunk completed in 138.75 seconds
Time per FRB: 0.1182 ms

+------------------ Job Report: 11202820 (COMPLETED) ------------------+
| Memory (RAM)  [                    ]  1.3% (214 MB peak / 16 GB)     |
| CPU           [##################  ] 91.2% average                   |
| Time          [>                   ]  2.9% (0-00:02:39 / 0-01:30:00) |
|                                                                      |
| Lustre Filesystem:                                                   |
|   Path    Total Read    Total Write      Total IOPS                  |
|   ------  ------------  -------------  ------------                  |
|   /apps   0 B           0 B                     42                   |
|   /fred   8 KB          33 B                     6                   |
|                                                                      |
| Warnings:                                                            |
|   - Too much memory requested                                        |
|   - Too much time requested                                          |
+----------------------------------------------------------------------+
