Running: run_askap_z1.03_1.04.py
Starting redshift chunk: z = 1.03 to 1.04
Processing 2 redshift bins...

Saved: dm_detected_askap_z1.03_1.04.npy
  Total FRB points: 1829862
  Detected (SNR>10): 928

Chunk completed in 206.69 seconds
Time per FRB: 0.1130 ms

+------------------ Job Report: 11202854 (COMPLETED) ------------------+
| Memory (RAM)  [                    ]  1.7% (276 MB peak / 16 GB)     |
| CPU           [##################  ] 93.4% average                   |
| Time          [>                   ]  4.2% (0-00:03:48 / 0-01:30:00) |
|                                                                      |
| Lustre Filesystem:                                                   |
|   Path    Total Read    Total Write    Total IOPS                    |
|   ------  ------------  -------------  ------------                  |
|   /apps   0 B           0 B            2.1 K                         |
|   /fred   8 KB          0 B            7                             |
|   /home   0 B           0 B            15                            |
|   OS      0 B           0 B            1                             |
|                                                                      |
| Warnings:                                                            |
|   - Too much memory requested                                        |
|   - Too much time requested                                          |
+----------------------------------------------------------------------+
