Running: run_askap_z0.47_0.48.py
Starting redshift chunk: z = 0.47 to 0.48
Processing 2 redshift bins...

Saved: dm_detected_askap_z0.47_0.48.npy
  Total FRB points: 649880
  Detected (SNR>10): 2266

Chunk completed in 79.20 seconds
Time per FRB: 0.1219 ms

+------------------ Job Report: 11202798 (COMPLETED) ------------------+
| Memory (RAM)  [                    ]  1.0% (163 MB peak / 16 GB)     |
| CPU           [################    ] 82.4% average                   |
| Time          [>                   ]  2.3% (0-00:02:05 / 0-01:30:00) |
|                                                                      |
| Lustre Filesystem:                                                   |
|   Path    Total Read    Total Write    Total IOPS                    |
|   ------  ------------  -------------  ------------                  |
|   /apps   0 B           0 B            2 K                           |
|   /fred   8 KB          33 B           7                             |
|   /home   0 B           0 B            15                            |
|                                                                      |
| Warnings:                                                            |
|   - Too much memory requested                                        |
|   - Too much time requested                                          |
+----------------------------------------------------------------------+
