Running: run_askap_z1.34_1.35.py
Starting redshift chunk: z = 1.34 to 1.35
Processing 2 redshift bins...

Saved: dm_detected_askap_z1.34_1.35.npy
  Total FRB points: 2066582
  Detected (SNR>10): 423

Chunk completed in 260.85 seconds
Time per FRB: 0.1262 ms

+------------------ Job Report: 11202888 (COMPLETED) ------------------+
| Memory (RAM)  [                    ]  1.9% (315 MB peak / 16 GB)     |
| CPU           [##################  ] 93.1% average                   |
| Time          [->                  ]  5.3% (0-00:04:48 / 0-01:30:00) |
|                                                                      |
| Lustre Filesystem:                                                   |
|   Path    Total Read    Total Write    Total IOPS                    |
|   ------  ------------  -------------  ------------                  |
|   /apps   0 B           0 B            1.8 K                         |
|   /fred   8 KB          33 B           4                             |
|   /home   0 B           0 B            7                             |
|                                                                      |
| Warnings:                                                            |
|   - Too much memory requested                                        |
|   - Too much time requested                                          |
+----------------------------------------------------------------------+
