Running: run_askap_z0.70_0.71.py
Starting redshift chunk: z = 0.70 to 0.71
Processing 2 redshift bins...

Saved: dm_detected_askap_z0.70_0.71.npy
  Total FRB points: 1197358
  Detected (SNR>10): 1848

Chunk completed in 144.94 seconds
Time per FRB: 0.1210 ms

+------------------ Job Report: 11202821 (COMPLETED) ------------------+
| Memory (RAM)  [                    ]  1.3% (213 MB peak / 16 GB)     |
| CPU           [##################  ] 92.2% average                   |
| Time          [>                   ]  3.1% (0-00:02:46 / 0-01:30:00) |
|                                                                      |
| Lustre Filesystem:                                                   |
|   Path    Total Read    Total Write    Total IOPS                    |
|   ------  ------------  -------------  ------------                  |
|   /apps   0 B           0 B            1.3 K                         |
|   /fred   8 KB          33 B           4                             |
|   /home   0 B           0 B            1                             |
|                                                                      |
| Warnings:                                                            |
|   - Too much memory requested                                        |
|   - Too much time requested                                          |
+----------------------------------------------------------------------+
