Running: run_askap_z0.61_0.62.py
Starting redshift chunk: z = 0.61 to 0.62
Processing 2 redshift bins...

Saved: dm_detected_askap_z0.61_0.62.npy
  Total FRB points: 983888
  Detected (SNR>10): 2057

Chunk completed in 121.18 seconds
Time per FRB: 0.1232 ms

+------------------ Job Report: 11202812 (COMPLETED) ------------------+
| Memory (RAM)  [                    ]  1.3% (209 MB peak / 16 GB)     |
| CPU           [#################   ] 87.8% average                   |
| Time          [>                   ]  2.7% (0-00:02:27 / 0-01:30:00) |
|                                                                      |
| Lustre Filesystem:                                                   |
|   Path    Total Read    Total Write    Total IOPS                    |
|   ------  ------------  -------------  ------------                  |
|   /apps   0 B           0 B            2.1 K                         |
|   /fred   8 KB          33 B           9                             |
|   /home   120 KB        0 B            15                            |
|                                                                      |
| Warnings:                                                            |
|   - Too much memory requested                                        |
|   - Too much time requested                                          |
+----------------------------------------------------------------------+
