Running: run_askap_z0.79_0.80.py
Starting redshift chunk: z = 0.79 to 0.80
Processing 2 redshift bins...

Saved: dm_detected_askap_z0.79_0.80.npy
  Total FRB points: 1399162
  Detected (SNR>10): 1581

Chunk completed in 169.42 seconds
Time per FRB: 0.1211 ms

+------------------ Job Report: 11202830 (COMPLETED) ------------------+
| Memory (RAM)  [                    ]  1.4% (231 MB peak / 16 GB)     |
| CPU           [##################  ] 92.7% average                   |
| Time          [>                   ]  3.5% (0-00:03:11 / 0-01:30:00) |
|                                                                      |
| Lustre Filesystem:                                                   |
|   Path    Total Read    Total Write    Total IOPS                    |
|   ------  ------------  -------------  ------------                  |
|   /apps   0 B           0 B            1.8 K                         |
|   /fred   8 KB          33 B           8                             |
|   /home   0 B           0 B            14                            |
|                                                                      |
| Warnings:                                                            |
|   - Too much memory requested                                        |
|   - Too much time requested                                          |
+----------------------------------------------------------------------+
