Running: run_askap_z1.63_1.64.py
Starting redshift chunk: z = 1.63 to 1.64
Processing 2 redshift bins...

Saved: dm_detected_askap_z1.63_1.64.npy
  Total FRB points: 1963508
  Detected (SNR>10): 147

Chunk completed in 215.59 seconds
Time per FRB: 0.1098 ms

+------------------ Job Report: 11202922 (COMPLETED) ------------------+
| Memory (RAM)  [                    ]  1.7% (281 MB peak / 16 GB)     |
| CPU           [##################  ] 93.7% average                   |
| Time          [>                   ]  4.4% (0-00:03:57 / 0-01:30:00) |
|                                                                      |
| Lustre Filesystem:                                                   |
|   Path    Total Read    Total Write      Total IOPS                  |
|   ------  ------------  -------------  ------------                  |
|   /apps   0 B           0 B                     42                   |
|   /fred   8 KB          33 B                     4                   |
|                                                                      |
| Warnings:                                                            |
|   - Too much memory requested                                        |
|   - Too much time requested                                          |
+----------------------------------------------------------------------+
