Running: run_askap_z0.51_0.52.py
Starting redshift chunk: z = 0.51 to 0.52
Processing 2 redshift bins...

Saved: dm_detected_askap_z0.51_0.52.npy
  Total FRB points: 743793
  Detected (SNR>10): 2237

Chunk completed in 89.73 seconds
Time per FRB: 0.1206 ms

+------------------ Job Report: 11202802 (COMPLETED) ------------------+
| Memory (RAM)  [                    ]  0.9% (146 MB peak / 16 GB)     |
| CPU           [#################   ] 87.5% average                   |
| Time          [>                   ]  2.1% (0-00:01:52 / 0-01:30:00) |
|                                                                      |
| Lustre Filesystem:                                                   |
|   Path    Total Read    Total Write      Total IOPS                  |
|   ------  ------------  -------------  ------------                  |
|   /apps   0 B           0 B                    247                   |
|   /fred   8 KB          33 B                    10                   |
|   /home   52 KB         0 B                     22                   |
|                                                                      |
| Warnings:                                                            |
|   - Too much memory requested                                        |
|   - Too much time requested                                          |
+----------------------------------------------------------------------+
