Running: run_askap_z1.28_1.29.py
Starting redshift chunk: z = 1.28 to 1.29
Processing 2 redshift bins...

Saved: dm_detected_askap_z1.28_1.29.npy
  Total FRB points: 2050889
  Detected (SNR>10): 482

Chunk completed in 247.39 seconds
Time per FRB: 0.1206 ms

+------------------ Job Report: 11202882 (COMPLETED) ------------------+
| Memory (RAM)  [                    ]  1.9% (317 MB peak / 16 GB)     |
| CPU           [##################  ] 92.0% average                   |
| Time          [->                  ]  5.3% (0-00:04:46 / 0-01:30:00) |
|                                                                      |
| Lustre Filesystem:                                                   |
|   Path    Total Read    Total Write    Total IOPS                    |
|   ------  ------------  -------------  ------------                  |
|   /apps   0 B           0 B            1.4 K                         |
|   /fred   8 KB          33 B           6                             |
|   /home   0 B           0 B            15                            |
|                                                                      |
| Warnings:                                                            |
|   - Too much memory requested                                        |
|   - Too much time requested                                          |
+----------------------------------------------------------------------+
