Running: run_askap_z0.50_0.51.py
Starting redshift chunk: z = 0.50 to 0.51
Processing 2 redshift bins...

Saved: dm_detected_askap_z0.50_0.51.npy
  Total FRB points: 720119
  Detected (SNR>10): 2264

Chunk completed in 84.80 seconds
Time per FRB: 0.1178 ms

+------------------ Job Report: 11202801 (COMPLETED) ------------------+
| Memory (RAM)  [                    ]  0.9% (145 MB peak / 16 GB)     |
| CPU           [################    ] 81.6% average                   |
| Time          [>                   ]  2.1% (0-00:01:54 / 0-01:30:00) |
|                                                                      |
| Lustre Filesystem:                                                   |
|   Path    Total Read    Total Write    Total IOPS                    |
|   ------  ------------  -------------  ------------                  |
|   /apps   8 MB          0 B            3.3 K                         |
|   /fred   8 KB          33 B           10                            |
|   /home   24 KB         0 B            33                            |
|                                                                      |
| Warnings:                                                            |
|   - Too much memory requested                                        |
|   - Too much time requested                                          |
+----------------------------------------------------------------------+
