Running: run_askap_z1.09_1.10.py
Starting redshift chunk: z = 1.09 to 1.10
Processing 2 redshift bins...

Saved: dm_detected_askap_z1.09_1.10.npy
  Total FRB points: 1905789
  Detected (SNR>10): 802

Chunk completed in 231.56 seconds
Time per FRB: 0.1215 ms

+------------------ Job Report: 11202860 (COMPLETED) ------------------+
| Memory (RAM)  [                    ]  1.9% (318 MB peak / 16 GB)     |
| CPU           [##################  ] 92.8% average                   |
| Time          [>                   ]  4.9% (0-00:04:24 / 0-01:30:00) |
|                                                                      |
| Lustre Filesystem:                                                   |
|   Path    Total Read    Total Write    Total IOPS                    |
|   ------  ------------  -------------  ------------                  |
|   /apps   0 B           0 B            1.4 K                         |
|   /fred   8 KB          33 B           9                             |
|   /home   0 B           0 B            15                            |
|                                                                      |
| Warnings:                                                            |
|   - Too much memory requested                                        |
|   - Too much time requested                                          |
+----------------------------------------------------------------------+
