Running: run_askap_z1.48_1.49.py
Starting redshift chunk: z = 1.48 to 1.49
Processing 2 redshift bins...

Saved: dm_detected_askap_z1.48_1.49.npy
  Total FRB points: 2050855
  Detected (SNR>10): 248

Chunk completed in 246.35 seconds
Time per FRB: 0.1201 ms

+------------------ Job Report: 11202904 (COMPLETED) ------------------+
| Memory (RAM)  [                    ]  1.8% (290 MB peak / 16 GB)     |
| CPU           [##################  ] 94.1% average                   |
| Time          [>                   ]  5.0% (0-00:04:29 / 0-01:30:00) |
|                                                                      |
| Lustre Filesystem:                                                   |
|   Path    Total Read    Total Write      Total IOPS                  |
|   ------  ------------  -------------  ------------                  |
|   /apps   0 B           0 B                     42                   |
|   /fred   8 KB          33 B                     3                   |
|                                                                      |
| Warnings:                                                            |
|   - Too much memory requested                                        |
|   - Too much time requested                                          |
+----------------------------------------------------------------------+
