Running: run_askap_z1.23_1.24.py
Starting redshift chunk: z = 1.23 to 1.24
Processing 2 redshift bins...

Saved: dm_detected_askap_z1.23_1.24.npy
  Total FRB points: 2026892
  Detected (SNR>10): 543

Chunk completed in 243.71 seconds
Time per FRB: 0.1202 ms

+------------------ Job Report: 11202877 (COMPLETED) ------------------+
| Memory (RAM)  [                    ]  1.9% (309 MB peak / 16 GB)     |
| CPU           [##################  ] 90.4% average                   |
| Time          [->                  ]  5.4% (0-00:04:53 / 0-01:30:00) |
|                                                                      |
| Lustre Filesystem:                                                   |
|   Path    Total Read    Total Write    Total IOPS                    |
|   ------  ------------  -------------  ------------                  |
|   /apps   11.4 MB       0 B            2.7 K                         |
|   /fred   8 KB          33 B           7                             |
|   /home   0 B           0 B            24                            |
|                                                                      |
| Warnings:                                                            |
|   - Too much memory requested                                        |
|   - Too much time requested                                          |
+----------------------------------------------------------------------+
