Running: run_askap_z0.39_0.40.py
Starting redshift chunk: z = 0.39 to 0.40
Processing 2 redshift bins...

Saved: dm_detected_askap_z0.39_0.40.npy
  Total FRB points: 471050
  Detected (SNR>10): 2256

Chunk completed in 56.02 seconds
Time per FRB: 0.1189 ms

+------------------ Job Report: 11202790 (COMPLETED) ------------------+
| Memory (RAM)  [                    ]  0.0% (1 MB peak / 16 GB)       |
| CPU           [################    ] 81.2% average                   |
| Time          [>                   ]  1.5% (0-00:01:20 / 0-01:30:00) |
|                                                                      |
| Lustre Filesystem:                                                   |
|   Path    Total Read    Total Write      Total IOPS                  |
|   ------  ------------  -------------  ------------                  |
|   /apps   0 B           0 B                    245                   |
|   /fred   8 KB          33 B                     7                   |
|   /home   0 B           0 B                      8                   |
|                                                                      |
| Warnings:                                                            |
|   - Too much memory requested                                        |
|   - Too much time requested                                          |
+----------------------------------------------------------------------+
