Running: run_askap_z0.68_0.69.py
Starting redshift chunk: z = 0.68 to 0.69
Processing 1 redshift bins...

Saved: dm_detected_askap_z0.68_0.69.npy
  Total FRB points: 569448
  Detected (SNR>10): 930

Chunk completed in 67.67 seconds
Time per FRB: 0.1188 ms

+------------------ Job Report: 11202819 (COMPLETED) ------------------+
| Memory (RAM)  [                    ]  0.0% (1 MB peak / 16 GB)       |
| CPU           [#################   ] 86.2% average                   |
| Time          [>                   ]  1.6% (0-00:01:27 / 0-01:30:00) |
|                                                                      |
| Lustre Filesystem:                                                   |
|   Path    Total Read    Total Write      Total IOPS                  |
|   ------  ------------  -------------  ------------                  |
|   /apps   0 B           0 B                     42                   |
|   /fred   8 KB          33 B                     8                   |
|                                                                      |
| Warnings:                                                            |
|   - Too much memory requested                                        |
|   - Too much time requested                                          |
+----------------------------------------------------------------------+
