Running: run_askap_z0.58_0.59.py
Starting redshift chunk: z = 0.58 to 0.59
Processing 2 redshift bins...

Saved: dm_detected_askap_z0.58_0.59.npy
  Total FRB points: 911620
  Detected (SNR>10): 2129

Chunk completed in 109.04 seconds
Time per FRB: 0.1196 ms

+------------------ Job Report: 11202809 (COMPLETED) ------------------+
| Memory (RAM)  [                    ]  1.1% (175 MB peak / 16 GB)     |
| CPU           [#################   ] 88.1% average                   |
| Time          [>                   ]  2.5% (0-00:02:14 / 0-01:30:00) |
|                                                                      |
| Lustre Filesystem:                                                   |
|   Path    Total Read    Total Write      Total IOPS                  |
|   ------  ------------  -------------  ------------                  |
|   /apps   0 B           0 B                     42                   |
|   /fred   8 KB          33 B                     9                   |
|                                                                      |
| Warnings:                                                            |
|   - Too much memory requested                                        |
|   - Too much time requested                                          |
+----------------------------------------------------------------------+
