Running: run_askap_z0.81_0.82.py
Starting redshift chunk: z = 0.81 to 0.82
Processing 1 redshift bins...

Saved: dm_detected_askap_z0.81_0.82.npy
  Total FRB points: 715579
  Detected (SNR>10): 753

Chunk completed in 88.14 seconds
Time per FRB: 0.1232 ms

+------------------ Job Report: 11202832 (COMPLETED) ------------------+
| Memory (RAM)  [                    ]  0.9% (145 MB peak / 16 GB)     |
| CPU           [#################   ] 85.7% average                   |
| Time          [>                   ]  2.1% (0-00:01:52 / 0-01:30:00) |
|                                                                      |
| Lustre Filesystem:                                                   |
|   Path    Total Read    Total Write    Total IOPS                    |
|   ------  ------------  -------------  ------------                  |
|   /apps   0 B           0 B            1 K                           |
|   /fred   8 KB          33 B           8                             |
|   /home   0 B           0 B            8                             |
|                                                                      |
| Warnings:                                                            |
|   - Too much memory requested                                        |
|   - Too much time requested                                          |
+----------------------------------------------------------------------+
