Running: run_askap_z1.27_1.28.py
Starting redshift chunk: z = 1.27 to 1.28
Processing 2 redshift bins...

Saved: dm_detected_askap_z1.27_1.28.npy
  Total FRB points: 2046892
  Detected (SNR>10): 496

Chunk completed in 253.81 seconds
Time per FRB: 0.1240 ms

+------------------ Job Report: 11202881 (COMPLETED) ------------------+
| Memory (RAM)  [                    ]  1.9% (306 MB peak / 16 GB)     |
| CPU           [##################  ] 92.0% average                   |
| Time          [->                  ]  5.6% (0-00:05:00 / 0-01:30:00) |
|                                                                      |
| Lustre Filesystem:                                                   |
|   Path    Total Read    Total Write    Total IOPS                    |
|   ------  ------------  -------------  ------------                  |
|   /apps   0 B           0 B            1.4 K                         |
|   /fred   8 KB          33 B           5                             |
|   /home   0 B           0 B            15                            |
|                                                                      |
| Warnings:                                                            |
|   - Too much memory requested                                        |
|   - Too much time requested                                          |
+----------------------------------------------------------------------+
