Running: run_askap_z1.44_1.45.py
Starting redshift chunk: z = 1.44 to 1.45
Processing 2 redshift bins...

Saved: dm_detected_askap_z1.44_1.45.npy
  Total FRB points: 2062438
  Detected (SNR>10): 301

Chunk completed in 245.55 seconds
Time per FRB: 0.1191 ms

+------------------ Job Report: 11202900 (COMPLETED) ------------------+
| Memory (RAM)  [                    ]  1.8% (296 MB peak / 16 GB)     |
| CPU           [##################  ] 93.3% average                   |
| Time          [>                   ]  5.0% (0-00:04:28 / 0-01:30:00) |
|                                                                      |
| Lustre Filesystem:                                                   |
|   Path    Total Read    Total Write      Total IOPS                  |
|   ------  ------------  -------------  ------------                  |
|   /apps   0 B           0 B                     42                   |
|   /fred   8 KB          33 B                     4                   |
|                                                                      |
| Warnings:                                                            |
|   - Too much memory requested                                        |
|   - Too much time requested                                          |
+----------------------------------------------------------------------+
