Running: run_askap_z1.30_1.31.py
Starting redshift chunk: z = 1.30 to 1.31
Processing 2 redshift bins...

Saved: dm_detected_askap_z1.30_1.31.npy
  Total FRB points: 2057690
  Detected (SNR>10): 462

Chunk completed in 242.94 seconds
Time per FRB: 0.1181 ms

+------------------ Job Report: 11202884 (COMPLETED) ------------------+
| Memory (RAM)  [                    ]  1.8% (303 MB peak / 16 GB)     |
| CPU           [##################  ] 94.4% average                   |
| Time          [>                   ]  4.9% (0-00:04:27 / 0-01:30:00) |
|                                                                      |
| Lustre Filesystem:                                                   |
|   Path    Total Read    Total Write      Total IOPS                  |
|   ------  ------------  -------------  ------------                  |
|   /apps   0 B           0 B                     42                   |
|   /fred   8 KB          33 B                     5                   |
|                                                                      |
| Warnings:                                                            |
|   - Too much memory requested                                        |
|   - Too much time requested                                          |
+----------------------------------------------------------------------+
