Running: run_askap_z0.89_0.90.py
Starting redshift chunk: z = 0.89 to 0.90
Processing 2 redshift bins...

Saved: dm_detected_askap_z0.89_0.90.npy
  Total FRB points: 1600905
  Detected (SNR>10): 1292

Chunk completed in 194.21 seconds
Time per FRB: 0.1213 ms

+------------------ Job Report: 11202840 (COMPLETED) ------------------+
| Memory (RAM)  [                    ]  1.6% (269 MB peak / 16 GB)     |
| CPU           [##################  ] 94.0% average                   |
| Time          [>                   ]  4.0% (0-00:03:36 / 0-01:30:00) |
|                                                                      |
| Lustre Filesystem:                                                   |
|   Path    Total Read    Total Write    Total IOPS                    |
|   ------  ------------  -------------  ------------                  |
|   /apps   0 B           0 B            1.9 K                         |
|   /fred   8 KB          33 B           9                             |
|   /home   0 B           0 B            15                            |
|                                                                      |
| Warnings:                                                            |
|   - Too much memory requested                                        |
|   - Too much time requested                                          |
+----------------------------------------------------------------------+
