Running: run_askap_z0.57_0.58.py
Starting redshift chunk: z = 0.57 to 0.58
Processing 2 redshift bins...

Saved: dm_detected_askap_z0.57_0.58.npy
  Total FRB points: 887521
  Detected (SNR>10): 2122

Chunk completed in 106.44 seconds
Time per FRB: 0.1199 ms

+------------------ Job Report: 11202808 (COMPLETED) ------------------+
| Memory (RAM)  [                    ]  1.1% (178 MB peak / 16 GB)     |
| CPU           [#################   ] 89.2% average                   |
| Time          [>                   ]  2.4% (0-00:02:10 / 0-01:30:00) |
|                                                                      |
| Lustre Filesystem:                                                   |
|   Path    Total Read    Total Write      Total IOPS                  |
|   ------  ------------  -------------  ------------                  |
|   /apps   0 B           0 B                     43                   |
|   /fred   8 KB          33 B                     8                   |
|                                                                      |
| Warnings:                                                            |
|   - Too much memory requested                                        |
|   - Too much time requested                                          |
+----------------------------------------------------------------------+
