Running: run_askap_z1.55_1.56.py
Starting redshift chunk: z = 1.55 to 1.56
Processing 2 redshift bins...

Saved: dm_detected_askap_z1.55_1.56.npy
  Total FRB points: 2018170
  Detected (SNR>10): 196

Chunk completed in 222.02 seconds
Time per FRB: 0.1100 ms

+------------------ Job Report: 11202913 (COMPLETED) ------------------+
| Memory (RAM)  [                    ]  1.7% (283 MB peak / 16 GB)     |
| CPU           [##################  ] 94.2% average                   |
| Time          [>                   ]  4.5% (0-00:04:02 / 0-01:30:00) |
|                                                                      |
| Lustre Filesystem:                                                   |
|   Path    Total Read    Total Write    Total IOPS                    |
|   ------  ------------  -------------  ------------                  |
|   /apps   0 B           0 B            2.1 K                         |
|   /fred   8 KB          33 B           9                             |
|   /home   0 B           0 B            15                            |
|                                                                      |
| Warnings:                                                            |
|   - Too much memory requested                                        |
|   - Too much time requested                                          |
+----------------------------------------------------------------------+
