Running: run_askap_z0.96_0.97.py
Starting redshift chunk: z = 0.96 to 0.97
Processing 2 redshift bins...

Saved: dm_detected_askap_z0.96_0.97.npy
  Total FRB points: 1724003
  Detected (SNR>10): 1104

Chunk completed in 209.78 seconds
Time per FRB: 0.1217 ms

+------------------ Job Report: 11202847 (COMPLETED) ------------------+
| Memory (RAM)  [                    ]  1.6% (264 MB peak / 16 GB)     |
| CPU           [##################  ] 94.4% average                   |
| Time          [>                   ]  4.3% (0-00:03:51 / 0-01:30:00) |
|                                                                      |
| Lustre Filesystem:                                                   |
|   Path    Total Read    Total Write    Total IOPS                    |
|   ------  ------------  -------------  ------------                  |
|   /apps   0 B           0 B            1.9 K                         |
|   /fred   8 KB          33 B           7                             |
|   /home   0 B           0 B            15                            |
|                                                                      |
| Warnings:                                                            |
|   - Too much memory requested                                        |
|   - Too much time requested                                          |
+----------------------------------------------------------------------+
