Running: run_askap_z0.71_0.72.py
Starting redshift chunk: z = 0.71 to 0.72
Processing 2 redshift bins...

Saved: dm_detected_askap_z0.71_0.72.npy
  Total FRB points: 1220503
  Detected (SNR>10): 1820

Chunk completed in 146.49 seconds
Time per FRB: 0.1200 ms

+------------------ Job Report: 11202822 (COMPLETED) ------------------+
| Memory (RAM)  [                    ]  1.3% (205 MB peak / 16 GB)     |
| CPU           [##################  ] 92.8% average                   |
| Time          [>                   ]  3.1% (0-00:02:46 / 0-01:30:00) |
|                                                                      |
| Lustre Filesystem:                                                   |
|   Path    Total Read    Total Write    Total IOPS                    |
|   ------  ------------  -------------  ------------                  |
|   /apps   0 B           0 B            1.3 K                         |
|   /fred   8 KB          33 B           10                            |
|   /home   0 B           0 B            1                             |
|                                                                      |
| Warnings:                                                            |
|   - Too much memory requested                                        |
|   - Too much time requested                                          |
+----------------------------------------------------------------------+
