Running: run_askap_z0.48_0.49.py
Starting redshift chunk: z = 0.48 to 0.49
Processing 2 redshift bins...

Saved: dm_detected_askap_z0.48_0.49.npy
  Total FRB points: 673147
  Detected (SNR>10): 2263

Chunk completed in 85.49 seconds
Time per FRB: 0.1270 ms

+------------------ Job Report: 11202799 (COMPLETED) ------------------+
| Memory (RAM)  [                    ]  1.0% (162 MB peak / 16 GB)     |
| CPU           [################    ] 80.6% average                   |
| Time          [>                   ]  2.5% (0-00:02:14 / 0-01:30:00) |
|                                                                      |
| Lustre Filesystem:                                                   |
|   Path    Total Read    Total Write    Total IOPS                    |
|   ------  ------------  -------------  ------------                  |
|   /apps   0 B           0 B            2 K                           |
|   /fred   8 KB          33 B           7                             |
|   /home   0 B           0 B            15                            |
|                                                                      |
| Warnings:                                                            |
|   - Too much memory requested                                        |
|   - Too much time requested                                          |
+----------------------------------------------------------------------+
