Running: run_askap_z1.59_1.60.py
Starting redshift chunk: z = 1.59 to 1.60
Processing 2 redshift bins...

Saved: dm_detected_askap_z1.59_1.60.npy
  Total FRB points: 1992981
  Detected (SNR>10): 168

Chunk completed in 222.96 seconds
Time per FRB: 0.1119 ms

+------------------ Job Report: 11202917 (COMPLETED) ------------------+
| Memory (RAM)  [                    ]  1.7% (279 MB peak / 16 GB)     |
| CPU           [##################  ] 94.2% average                   |
| Time          [>                   ]  4.5% (0-00:04:03 / 0-01:30:00) |
|                                                                      |
| Lustre Filesystem:                                                   |
|   Path    Total Read    Total Write      Total IOPS                  |
|   ------  ------------  -------------  ------------                  |
|   /apps   0 B           0 B                     42                   |
|   /fred   8 KB          33 B                     7                   |
|                                                                      |
| Warnings:                                                            |
|   - Too much memory requested                                        |
|   - Too much time requested                                          |
+----------------------------------------------------------------------+
