Running: run_askap_z0.49_0.50.py
Starting redshift chunk: z = 0.49 to 0.50
Processing 2 redshift bins...

Saved: dm_detected_askap_z0.49_0.50.npy
  Total FRB points: 696565
  Detected (SNR>10): 2250

Chunk completed in 81.12 seconds
Time per FRB: 0.1165 ms

+------------------ Job Report: 11202800 (COMPLETED) ------------------+
| Memory (RAM)  [                    ]  0.9% (143 MB peak / 16 GB)     |
| CPU           [################    ] 80.9% average                   |
| Time          [>                   ]  2.0% (0-00:01:50 / 0-01:30:00) |
|                                                                      |
| Lustre Filesystem:                                                   |
|   Path    Total Read    Total Write    Total IOPS                    |
|   ------  ------------  -------------  ------------                  |
|   /apps   77.8 MB       0 B            6.8 K                         |
|   /fred   8 KB          0 B            13                            |
|   /home   104 KB        0 B            61                            |
|                                                                      |
| Warnings:                                                            |
|   - Too much memory requested                                        |
|   - Too much time requested                                          |
+----------------------------------------------------------------------+
