Running: run_askap_z0.33_0.34.py
Starting redshift chunk: z = 0.33 to 0.34
Processing 2 redshift bins...

Saved: dm_detected_askap_z0.33_0.34.npy
  Total FRB points: 348806
  Detected (SNR>10): 2183

Chunk completed in 42.83 seconds
Time per FRB: 0.1228 ms

+------------------ Job Report: 11202783 (COMPLETED) ------------------+
| Memory (RAM)  [                    ]  0.0% (1 MB peak / 16 GB)       |
| CPU           [################    ] 80.6% average                   |
| Time          [>                   ]  1.2% (0-00:01:07 / 0-01:30:00) |
|                                                                      |
| Lustre Filesystem:                                                   |
|   Path    Total Read    Total Write    Total IOPS                    |
|   ------  ------------  -------------  ------------                  |
|   /apps   12 KB         0 B            2 K                           |
|   /fred   8 KB          0 B            11                            |
|   /home   0 B           0 B            14                            |
|   OS      0 B           0 B            1                             |
|                                                                      |
| Warnings:                                                            |
|   - Too much memory requested                                        |
|   - Too much time requested                                          |
+----------------------------------------------------------------------+
