Running: run_askap_z0.88_0.89.py
Starting redshift chunk: z = 0.88 to 0.89
Processing 2 redshift bins...

Saved: dm_detected_askap_z0.88_0.89.npy
  Total FRB points: 1582020
  Detected (SNR>10): 1320

Chunk completed in 180.39 seconds
Time per FRB: 0.1140 ms

+------------------ Job Report: 11202839 (COMPLETED) ------------------+
| Memory (RAM)  [                    ]  1.6% (267 MB peak / 16 GB)     |
| CPU           [##################  ] 93.5% average                   |
| Time          [>                   ]  3.7% (0-00:03:21 / 0-01:30:00) |
|                                                                      |
| Lustre Filesystem:                                                   |
|   Path    Total Read    Total Write    Total IOPS                    |
|   ------  ------------  -------------  ------------                  |
|   /apps   0 B           0 B            1.9 K                         |
|   /fred   8 KB          33 B           7                             |
|   /home   0 B           0 B            11                            |
|                                                                      |
| Warnings:                                                            |
|   - Too much memory requested                                        |
|   - Too much time requested                                          |
+----------------------------------------------------------------------+
