Running: run_askap_z1.31_1.32.py
Starting redshift chunk: z = 1.31 to 1.32
Processing 2 redshift bins...

Saved: dm_detected_askap_z1.31_1.32.npy
  Total FRB points: 2060498
  Detected (SNR>10): 451

Chunk completed in 243.55 seconds
Time per FRB: 0.1182 ms

+------------------ Job Report: 11202885 (COMPLETED) ------------------+
| Memory (RAM)  [                    ]  1.8% (289 MB peak / 16 GB)     |
| CPU           [##################  ] 94.0% average                   |
| Time          [>                   ]  5.0% (0-00:04:28 / 0-01:30:00) |
|                                                                      |
| Lustre Filesystem:                                                   |
|   Path    Total Read    Total Write      Total IOPS                  |
|   ------  ------------  -------------  ------------                  |
|   /apps   0 B           0 B                     42                   |
|   /fred   8 KB          33 B                     6                   |
|                                                                      |
| Warnings:                                                            |
|   - Too much memory requested                                        |
|   - Too much time requested                                          |
+----------------------------------------------------------------------+
