Running: run_askap_z0.62_0.63.py
Starting redshift chunk: z = 0.62 to 0.63
Processing 2 redshift bins...

Saved: dm_detected_askap_z0.62_0.63.npy
  Total FRB points: 1007922
  Detected (SNR>10): 2027

Chunk completed in 130.08 seconds
Time per FRB: 0.1291 ms

+------------------ Job Report: 11202813 (COMPLETED) ------------------+
| Memory (RAM)  [                    ]  1.2% (203 MB peak / 16 GB)     |
| CPU           [#################   ] 89.7% average                   |
| Time          [>                   ]  2.9% (0-00:02:36 / 0-01:30:00) |
|                                                                      |
| Lustre Filesystem:                                                   |
|   Path    Total Read    Total Write    Total IOPS                    |
|   ------  ------------  -------------  ------------                  |
|   /apps   0 B           0 B            1.1 K                         |
|   /fred   8 KB          33 B           11                            |
|   /home   52 KB         0 B            10                            |
|                                                                      |
| Warnings:                                                            |
|   - Too much memory requested                                        |
|   - Too much time requested                                          |
+----------------------------------------------------------------------+
