Running: run_askap_z1.60_1.61.py
Starting redshift chunk: z = 1.60 to 1.61
Processing 2 redshift bins...

Saved: dm_detected_askap_z1.60_1.61.npy
  Total FRB points: 1985999
  Detected (SNR>10): 163

Chunk completed in 224.65 seconds
Time per FRB: 0.1131 ms

+------------------ Job Report: 11202918 (COMPLETED) ------------------+
| Memory (RAM)  [                    ]  1.7% (276 MB peak / 16 GB)     |
| CPU           [################### ] 95.1% average                   |
| Time          [>                   ]  4.5% (0-00:04:05 / 0-01:30:00) |
|                                                                      |
| Lustre Filesystem:                                                   |
|   Path    Total Read    Total Write      Total IOPS                  |
|   ------  ------------  -------------  ------------                  |
|   /apps   0 B           0 B                     42                   |
|   /fred   8 KB          33 B                     6                   |
|                                                                      |
| Warnings:                                                            |
|   - Too much memory requested                                        |
|   - Too much time requested                                          |
+----------------------------------------------------------------------+
