Running: run_askap_z1.15_1.16.py
Starting redshift chunk: z = 1.15 to 1.16
Processing 2 redshift bins...

Saved: dm_detected_askap_z1.15_1.16.npy
  Total FRB points: 1967422
  Detected (SNR>10): 692

Chunk completed in 232.52 seconds
Time per FRB: 0.1182 ms

+------------------ Job Report: 11202867 (COMPLETED) ------------------+
| Memory (RAM)  [                    ]  1.8% (287 MB peak / 16 GB)     |
| CPU           [##################  ] 91.9% average                   |
| Time          [->                  ]  5.0% (0-00:04:30 / 0-01:30:00) |
|                                                                      |
| Lustre Filesystem:                                                   |
|   Path    Total Read    Total Write      Total IOPS                  |
|   ------  ------------  -------------  ------------                  |
|   /apps   0 B           0 B                     42                   |
|   /fred   8 KB          33 B                     5                   |
|                                                                      |
| Warnings:                                                            |
|   - Too much memory requested                                        |
|   - Too much time requested                                          |
+----------------------------------------------------------------------+
