Running: run_askap_z1.37_1.38.py
Starting redshift chunk: z = 1.37 to 1.38
Processing 1 redshift bins...

Saved: dm_detected_askap_z1.37_1.38.npy
  Total FRB points: 1034530
  Detected (SNR>10): 177

Chunk completed in 121.92 seconds
Time per FRB: 0.1178 ms

+------------------ Job Report: 11202893 (COMPLETED) ------------------+
| Memory (RAM)  [                    ]  1.1% (178 MB peak / 16 GB)     |
| CPU           [#################   ] 89.7% average                   |
| Time          [>                   ]  2.7% (0-00:02:26 / 0-01:30:00) |
|                                                                      |
| Lustre Filesystem:                                                   |
|   Path    Total Read    Total Write      Total IOPS                  |
|   ------  ------------  -------------  ------------                  |
|   /apps   0 B           0 B                    590                   |
|   /fred   8 KB          33 B                     6                   |
|   /home   0 B           0 B                      8                   |
|                                                                      |
| Warnings:                                                            |
|   - Too much memory requested                                        |
|   - Too much time requested                                          |
+----------------------------------------------------------------------+
