Running: run_askap_z1.51_1.52.py
Starting redshift chunk: z = 1.51 to 1.52
Processing 2 redshift bins...

Saved: dm_detected_askap_z1.51_1.52.npy
  Total FRB points: 2038711
  Detected (SNR>10): 227

Chunk completed in 250.43 seconds
Time per FRB: 0.1228 ms

+------------------ Job Report: 11202909 (COMPLETED) ------------------+
| Memory (RAM)  [                    ]  1.8% (290 MB peak / 16 GB)     |
| CPU           [##################  ] 93.9% average                   |
| Time          [->                  ]  5.1% (0-00:04:37 / 0-01:30:00) |
|                                                                      |
| Lustre Filesystem:                                                   |
|   Path    Total Read    Total Write    Total IOPS                    |
|   ------  ------------  -------------  ------------                  |
|   /apps   0 B           0 B            2.1 K                         |
|   /fred   8 KB          33 B           6                             |
|   /home   0 B           0 B            15                            |
|                                                                      |
| Warnings:                                                            |
|   - Too much memory requested                                        |
|   - Too much time requested                                          |
+----------------------------------------------------------------------+
