Running: run_askap_z0.87_0.88.py
Starting redshift chunk: z = 0.87 to 0.88
Processing 2 redshift bins...

Saved: dm_detected_askap_z0.87_0.88.npy
  Total FRB points: 1562829
  Detected (SNR>10): 1345

Chunk completed in 188.09 seconds
Time per FRB: 0.1203 ms

+------------------ Job Report: 11202838 (COMPLETED) ------------------+
| Memory (RAM)  [                    ]  1.6% (267 MB peak / 16 GB)     |
| CPU           [##################  ] 92.9% average                   |
| Time          [>                   ]  3.9% (0-00:03:30 / 0-01:30:00) |
|                                                                      |
| Lustre Filesystem:                                                   |
|   Path    Total Read    Total Write    Total IOPS                    |
|   ------  ------------  -------------  ------------                  |
|   /apps   0 B           0 B            2.1 K                         |
|   /fred   8 KB          33 B           11                            |
|   /home   0 B           0 B            15                            |
|   OS      0 B           0 B            1                             |
|                                                                      |
| Warnings:                                                            |
|   - Too much memory requested                                        |
|   - Too much time requested                                          |
+----------------------------------------------------------------------+
