Running: run_askap_z1.24_1.25.py
Starting redshift chunk: z = 1.24 to 1.25
Processing 2 redshift bins...

Saved: dm_detected_askap_z1.24_1.25.npy
  Total FRB points: 2032497
  Detected (SNR>10): 527

Chunk completed in 244.92 seconds
Time per FRB: 0.1205 ms

+------------------ Job Report: 11202878 (COMPLETED) ------------------+
| Memory (RAM)  [                    ]  1.8% (302 MB peak / 16 GB)     |
| CPU           [##################  ] 90.5% average                   |
| Time          [->                  ]  5.4% (0-00:04:54 / 0-01:30:00) |
|                                                                      |
| Lustre Filesystem:                                                   |
|   Path    Total Read    Total Write    Total IOPS                    |
|   ------  ------------  -------------  ------------                  |
|   /apps   15.2 MB       0 B            3 K                           |
|   /fred   8 KB          33 B           4                             |
|   /home   0 B           0 B            27                            |
|                                                                      |
| Warnings:                                                            |
|   - Too much memory requested                                        |
|   - Too much time requested                                          |
+----------------------------------------------------------------------+
