Running: run_askap_z1.16_1.17.py
Starting redshift chunk: z = 1.16 to 1.17
Processing 2 redshift bins...

Saved: dm_detected_askap_z1.16_1.17.npy
  Total FRB points: 1976280
  Detected (SNR>10): 673

Chunk completed in 233.38 seconds
Time per FRB: 0.1181 ms

+------------------ Job Report: 11202868 (COMPLETED) ------------------+
| Memory (RAM)  [                    ]  1.8% (287 MB peak / 16 GB)     |
| CPU           [##################  ] 92.2% average                   |
| Time          [->                  ]  5.0% (0-00:04:30 / 0-01:30:00) |
|                                                                      |
| Lustre Filesystem:                                                   |
|   Path    Total Read    Total Write      Total IOPS                  |
|   ------  ------------  -------------  ------------                  |
|   /apps   0 B           0 B                     42                   |
|   /fred   8 KB          33 B                     7                   |
|                                                                      |
| Warnings:                                                            |
|   - Too much memory requested                                        |
|   - Too much time requested                                          |
+----------------------------------------------------------------------+
