Running: run_askap_z1.57_1.58.py
Starting redshift chunk: z = 1.57 to 1.58
Processing 2 redshift bins...

Saved: dm_detected_askap_z1.57_1.58.npy
  Total FRB points: 2006135
  Detected (SNR>10): 186

Chunk completed in 239.14 seconds
Time per FRB: 0.1192 ms

+------------------ Job Report: 11202915 (COMPLETED) ------------------+
| Memory (RAM)  [                    ]  1.8% (290 MB peak / 16 GB)     |
| CPU           [##################  ] 93.5% average                   |
| Time          [>                   ]  4.9% (0-00:04:23 / 0-01:30:00) |
|                                                                      |
| Lustre Filesystem:                                                   |
|   Path    Total Read    Total Write    Total IOPS                    |
|   ------  ------------  -------------  ------------                  |
|   /apps   0 B           0 B            1.8 K                         |
|   /fred   8 KB          33 B           4                             |
|   /home   0 B           0 B            14                            |
|                                                                      |
| Warnings:                                                            |
|   - Too much memory requested                                        |
|   - Too much time requested                                          |
+----------------------------------------------------------------------+
