Running: run_askap_z1.53_1.54.py
Starting redshift chunk: z = 1.53 to 1.54
Processing 2 redshift bins...

Saved: dm_detected_askap_z1.53_1.54.npy
  Total FRB points: 2029044
  Detected (SNR>10): 211

Chunk completed in 238.25 seconds
Time per FRB: 0.1174 ms

+------------------ Job Report: 11202911 (COMPLETED) ------------------+
| Memory (RAM)  [                    ]  1.8% (293 MB peak / 16 GB)     |
| CPU           [##################  ] 94.2% average                   |
| Time          [>                   ]  4.8% (0-00:04:20 / 0-01:30:00) |
|                                                                      |
| Lustre Filesystem:                                                   |
|   Path    Total Read    Total Write    Total IOPS                    |
|   ------  ------------  -------------  ------------                  |
|   /apps   0 B           0 B            2.1 K                         |
|   /fred   8 KB          33 B           4                             |
|   /home   0 B           0 B            15                            |
|                                                                      |
| Warnings:                                                            |
|   - Too much memory requested                                        |
|   - Too much time requested                                          |
+----------------------------------------------------------------------+
