Running: run_askap_z0.60_0.61.py
Starting redshift chunk: z = 0.60 to 0.61
Processing 2 redshift bins...

Saved: dm_detected_askap_z0.60_0.61.npy
  Total FRB points: 959817
  Detected (SNR>10): 2061

Chunk completed in 118.86 seconds
Time per FRB: 0.1238 ms

+------------------ Job Report: 11202811 (COMPLETED) ------------------+
| Memory (RAM)  [                    ]  1.3% (207 MB peak / 16 GB)     |
| CPU           [#################   ] 89.0% average                   |
| Time          [>                   ]  2.7% (0-00:02:26 / 0-01:30:00) |
|                                                                      |
| Lustre Filesystem:                                                   |
|   Path    Total Read    Total Write    Total IOPS                    |
|   ------  ------------  -------------  ------------                  |
|   /apps   0 B           0 B            2 K                           |
|   /fred   8 KB          33 B           7                             |
|   /home   0 B           0 B            15                            |
|                                                                      |
| Warnings:                                                            |
|   - Too much memory requested                                        |
|   - Too much time requested                                          |
+----------------------------------------------------------------------+
