Running: run_askap_z0.93_0.94.py
Starting redshift chunk: z = 0.93 to 0.94
Processing 1 redshift bins...

Saved: dm_detected_askap_z0.93_0.94.npy
  Total FRB points: 832270
  Detected (SNR>10): 606

Chunk completed in 94.84 seconds
Time per FRB: 0.1140 ms

+------------------ Job Report: 11202844 (COMPLETED) ------------------+
| Memory (RAM)  [                    ]  1.1% (183 MB peak / 16 GB)     |
| CPU           [#################   ] 88.8% average                   |
| Time          [>                   ]  2.1% (0-00:01:56 / 0-01:30:00) |
|                                                                      |
| Lustre Filesystem:                                                   |
|   Path    Total Read    Total Write    Total IOPS                    |
|   ------  ------------  -------------  ------------                  |
|   /apps   0 B           0 B            1.7 K                         |
|   /fred   8 KB          33 B           6                             |
|   /home   0 B           0 B            10                            |
|                                                                      |
| Warnings:                                                            |
|   - Too much memory requested                                        |
|   - Too much time requested                                          |
+----------------------------------------------------------------------+
