Running: run_askap_z1.43_1.44.py
Starting redshift chunk: z = 1.43 to 1.44
Processing 2 redshift bins...

Saved: dm_detected_askap_z1.43_1.44.npy
  Total FRB points: 2064479
  Detected (SNR>10): 309

Chunk completed in 244.78 seconds
Time per FRB: 0.1186 ms

+------------------ Job Report: 11202899 (COMPLETED) ------------------+
| Memory (RAM)  [                    ]  1.8% (300 MB peak / 16 GB)     |
| CPU           [##################  ] 94.0% average                   |
| Time          [>                   ]  4.9% (0-00:04:26 / 0-01:30:00) |
|                                                                      |
| Lustre Filesystem:                                                   |
|   Path    Total Read    Total Write      Total IOPS                  |
|   ------  ------------  -------------  ------------                  |
|   /apps   0 B           0 B                     42                   |
|   /fred   8 KB          33 B                     5                   |
|                                                                      |
| Warnings:                                                            |
|   - Too much memory requested                                        |
|   - Too much time requested                                          |
+----------------------------------------------------------------------+
