Running: run_askap_z0.86_0.87.py
Starting redshift chunk: z = 0.86 to 0.87
Processing 2 redshift bins...

Saved: dm_detected_askap_z0.86_0.87.npy
  Total FRB points: 1543339
  Detected (SNR>10): 1364

Chunk completed in 187.22 seconds
Time per FRB: 0.1213 ms

+------------------ Job Report: 11202837 (COMPLETED) ------------------+
| Memory (RAM)  [                    ]  1.6% (260 MB peak / 16 GB)     |
| CPU           [##################  ] 93.8% average                   |
| Time          [>                   ]  3.9% (0-00:03:28 / 0-01:30:00) |
|                                                                      |
| Lustre Filesystem:                                                   |
|   Path    Total Read    Total Write      Total IOPS                  |
|   ------  ------------  -------------  ------------                  |
|   /apps   0 B           0 B                     42                   |
|   /fred   8 KB          33 B                     5                   |
|                                                                      |
| Warnings:                                                            |
|   - Too much memory requested                                        |
|   - Too much time requested                                          |
+----------------------------------------------------------------------+
