Running: run_askap_z0.98_0.99.py
Starting redshift chunk: z = 0.98 to 0.99
Processing 2 redshift bins...

Saved: dm_detected_askap_z0.98_0.99.npy
  Total FRB points: 1756080
  Detected (SNR>10): 1047

Chunk completed in 207.96 seconds
Time per FRB: 0.1184 ms

+------------------ Job Report: 11202849 (COMPLETED) ------------------+
| Memory (RAM)  [                    ]  1.7% (284 MB peak / 16 GB)     |
| CPU           [##################  ] 93.8% average                   |
| Time          [>                   ]  4.4% (0-00:04:00 / 0-01:30:00) |
|                                                                      |
| Lustre Filesystem:                                                   |
|   Path    Total Read    Total Write      Total IOPS                  |
|   ------  ------------  -------------  ------------                  |
|   /apps   0 B           0 B                     42                   |
|   /fred   8 KB          33 B                     6                   |
|                                                                      |
| Warnings:                                                            |
|   - Too much memory requested                                        |
|   - Too much time requested                                          |
+----------------------------------------------------------------------+
