Running: run_askap_z0.56_0.57.py
Starting redshift chunk: z = 0.56 to 0.57
Processing 1 redshift bins...

Saved: dm_detected_askap_z0.56_0.57.npy
  Total FRB points: 425702
  Detected (SNR>10): 1066

Chunk completed in 49.94 seconds
Time per FRB: 0.1173 ms

+------------------ Job Report: 11202807 (COMPLETED) ------------------+
| Memory (RAM)  [                    ]  0.9% (142 MB peak / 16 GB)     |
| CPU           [###############     ] 75.3% average                   |
| Time          [>                   ]  1.6% (0-00:01:29 / 0-01:30:00) |
|                                                                      |
| Lustre Filesystem:                                                   |
|   Path    Total Read    Total Write    Total IOPS                    |
|   ------  ------------  -------------  ------------                  |
|   /apps   0 B           0 B            1.8 K                         |
|   /fred   8 KB          33 B           9                             |
|   /home   0 B           0 B            15                            |
|                                                                      |
| Warnings:                                                            |
|   - Too much memory requested                                        |
|   - Too much time requested                                          |
+----------------------------------------------------------------------+
