Running: run_askap_z0.41_0.42.py
Starting redshift chunk: z = 0.41 to 0.42
Processing 2 redshift bins...

Saved: dm_detected_askap_z0.41_0.42.npy
  Total FRB points: 514317
  Detected (SNR>10): 2281

Chunk completed in 62.52 seconds
Time per FRB: 0.1216 ms

+------------------ Job Report: 11202792 (COMPLETED) ------------------+
| Memory (RAM)  [                    ]  0.8% (138 MB peak / 16 GB)     |
| CPU           [################    ] 80.6% average                   |
| Time          [>                   ]  1.8% (0-00:01:38 / 0-01:30:00) |
|                                                                      |
| Lustre Filesystem:                                                   |
|   Path    Total Read    Total Write    Total IOPS                    |
|   ------  ------------  -------------  ------------                  |
|   /apps   0 B           0 B            1.7 K                         |
|   /fred   8 KB          33 B           10                            |
|   /home   52 KB         0 B            38                            |
|                                                                      |
| Warnings:                                                            |
|   - Too much memory requested                                        |
|   - Too much time requested                                          |
+----------------------------------------------------------------------+
