Running: run_askap_z0.46_0.47.py
Starting redshift chunk: z = 0.46 to 0.47
Processing 1 redshift bins...

Saved: dm_detected_askap_z0.46_0.47.npy
  Total FRB points: 307636
  Detected (SNR>10): 1115

Chunk completed in 34.43 seconds
Time per FRB: 0.1119 ms

+------------------ Job Report: 11202797 (COMPLETED) ------------------+
| Memory (RAM)  [                    ]  0.0% (1 MB peak / 16 GB)       |
| CPU           [#############       ] 69.4% average                   |
| Time          [>                   ]  1.1% (0-00:01:02 / 0-01:30:00) |
|                                                                      |
| Lustre Filesystem:                                                   |
|   Path    Total Read    Total Write    Total IOPS                    |
|   ------  ------------  -------------  ------------                  |
|   /apps   87.7 MB       0 B            8.4 K                         |
|   /fred   8 KB          33 B           21                            |
|   /home   128 KB        0 B            79                            |
|   OS      0 B           0 B            2                             |
|                                                                      |
| Warnings:                                                            |
|   - Too much memory requested                                        |
|   - CPU usage is low                                                 |
|   - Too much time requested                                          |
+----------------------------------------------------------------------+
