Running: run_askap_z0.82_0.83.py
Starting redshift chunk: z = 0.82 to 0.83
Processing 2 redshift bins...

Saved: dm_detected_askap_z0.82_0.83.npy
  Total FRB points: 1462533
  Detected (SNR>10): 1483

Chunk completed in 179.19 seconds
Time per FRB: 0.1225 ms

+------------------ Job Report: 11202833 (COMPLETED) ------------------+
| Memory (RAM)  [                    ]  1.4% (229 MB peak / 16 GB)     |
| CPU           [##################  ] 93.0% average                   |
| Time          [>                   ]  3.7% (0-00:03:20 / 0-01:30:00) |
|                                                                      |
| Lustre Filesystem:                                                   |
|   Path    Total Read    Total Write      Total IOPS                  |
|   ------  ------------  -------------  ------------                  |
|   /apps   0 B           0 B                    539                   |
|   /fred   8 KB          33 B                     3                   |
|   /home   0 B           0 B                      8                   |
|                                                                      |
| Warnings:                                                            |
|   - Too much memory requested                                        |
|   - Too much time requested                                          |
+----------------------------------------------------------------------+
