Running: run_askap_z1.01_1.02.py
Starting redshift chunk: z = 1.01 to 1.02
Processing 2 redshift bins...

Saved: dm_detected_askap_z1.01_1.02.npy
  Total FRB points: 1801469
  Detected (SNR>10): 969

Chunk completed in 206.15 seconds
Time per FRB: 0.1144 ms

+------------------ Job Report: 11202852 (COMPLETED) ------------------+
| Memory (RAM)  [                    ]  1.6% (268 MB peak / 16 GB)     |
| CPU           [##################  ] 93.0% average                   |
| Time          [>                   ]  4.2% (0-00:03:48 / 0-01:30:00) |
|                                                                      |
| Lustre Filesystem:                                                   |
|   Path    Total Read    Total Write      Total IOPS                  |
|   ------  ------------  -------------  ------------                  |
|   /apps   0 B           0 B                     42                   |
|   /fred   8 KB          33 B                     6                   |
|                                                                      |
| Warnings:                                                            |
|   - Too much memory requested                                        |
|   - Too much time requested                                          |
+----------------------------------------------------------------------+
