Running: run_askap_z0.35_0.36.py
Starting redshift chunk: z = 0.35 to 0.36
Processing 2 redshift bins...

Saved: dm_detected_askap_z0.35_0.36.npy
  Total FRB points: 388167
  Detected (SNR>10): 2227

Chunk completed in 45.13 seconds
Time per FRB: 0.1163 ms

+------------------ Job Report: 11202786 (COMPLETED) ------------------+
| Memory (RAM)  [                    ]  0.0% (1 MB peak / 16 GB)       |
| CPU           [##############      ] 70.5% average                   |
| Time          [>                   ]  1.6% (0-00:01:28 / 0-01:30:00) |
|                                                                      |
| Lustre Filesystem:                                                   |
|   Path    Total Read    Total Write    Total IOPS                    |
|   ------  ------------  -------------  ------------                  |
|   /apps   0 B           0 B            1.4 K                         |
|   /fred   8 KB          33 B           10                            |
|   /home   0 B           0 B            15                            |
|                                                                      |
| Warnings:                                                            |
|   - Too much memory requested                                        |
|   - CPU usage is low                                                 |
|   - Too much time requested                                          |
+----------------------------------------------------------------------+
