Running: run_askap_z0.85_0.86.py
Starting redshift chunk: z = 0.85 to 0.86
Processing 2 redshift bins...

Saved: dm_detected_askap_z0.85_0.86.npy
  Total FRB points: 1523557
  Detected (SNR>10): 1402

Chunk completed in 167.51 seconds
Time per FRB: 0.1099 ms

+------------------ Job Report: 11202836 (COMPLETED) ------------------+
| Memory (RAM)  [                    ]  1.5% (250 MB peak / 16 GB)     |
| CPU           [##################  ] 93.5% average                   |
| Time          [>                   ]  3.4% (0-00:03:06 / 0-01:30:00) |
|                                                                      |
| Lustre Filesystem:                                                   |
|   Path    Total Read    Total Write    Total IOPS                    |
|   ------  ------------  -------------  ------------                  |
|   /apps   0 B           0 B            2.1 K                         |
|   /fred   8 KB          33 B           10                            |
|   /home   0 B           0 B            15                            |
|                                                                      |
| Warnings:                                                            |
|   - Too much memory requested                                        |
|   - Too much time requested                                          |
+----------------------------------------------------------------------+
