Running: run_askap_z1.61_1.62.py
Starting redshift chunk: z = 1.61 to 1.62
Processing 2 redshift bins...

Saved: dm_detected_askap_z1.61_1.62.npy
  Total FRB points: 1978756
  Detected (SNR>10): 159

Chunk completed in 222.33 seconds
Time per FRB: 0.1124 ms

+------------------ Job Report: 11202919 (COMPLETED) ------------------+
| Memory (RAM)  [                    ]  1.7% (279 MB peak / 16 GB)     |
| CPU           [##################  ] 94.2% average                   |
| Time          [>                   ]  4.5% (0-00:04:03 / 0-01:30:00) |
|                                                                      |
| Lustre Filesystem:                                                   |
|   Path    Total Read    Total Write      Total IOPS                  |
|   ------  ------------  -------------  ------------                  |
|   /apps   0 B           0 B                     42                   |
|   /fred   8 KB          33 B                     4                   |
|                                                                      |
| Warnings:                                                            |
|   - Too much memory requested                                        |
|   - Too much time requested                                          |
+----------------------------------------------------------------------+
