Running: run_askap_z0.29_0.30.py
Starting redshift chunk: z = 0.29 to 0.30
Processing 2 redshift bins...

Saved: dm_detected_askap_z0.29_0.30.npy
  Total FRB points: 274871
  Detected (SNR>10): 2054

Chunk completed in 32.00 seconds
Time per FRB: 0.1164 ms

+------------------ Job Report: 11202779 (COMPLETED) ------------------+
| Memory (RAM)  [                    ]  0.0% (1 MB peak / 16 GB)       |
| CPU           [################    ] 82.0% average                   |
| Time          [>                   ]  1.1% (0-00:01:01 / 0-01:30:00) |
|                                                                      |
| Lustre Filesystem:                                                   |
|   Path    Total Read    Total Write      Total IOPS                  |
|   ------  ------------  -------------  ------------                  |
|   /apps   0 B           0 B                     45                   |
|   /fred   8 KB          33 B                     5                   |
|                                                                      |
| Warnings:                                                            |
|   - Too much memory requested                                        |
|   - Too much time requested                                          |
+----------------------------------------------------------------------+
