Running: run_askap_z0.80_0.81.py
Starting redshift chunk: z = 0.80 to 0.81
Processing 2 redshift bins...

Saved: dm_detected_askap_z0.80_0.81.npy
  Total FRB points: 1420533
  Detected (SNR>10): 1551

Chunk completed in 173.93 seconds
Time per FRB: 0.1224 ms

+------------------ Job Report: 11202831 (COMPLETED) ------------------+
| Memory (RAM)  [                    ]  1.4% (230 MB peak / 16 GB)     |
| CPU           [##################  ] 93.4% average                   |
| Time          [>                   ]  3.7% (0-00:03:18 / 0-01:30:00) |
|                                                                      |
| Lustre Filesystem:                                                   |
|   Path    Total Read    Total Write    Total IOPS                    |
|   ------  ------------  -------------  ------------                  |
|   /apps   0 B           0 B            2.1 K                         |
|   /fred   8 KB          33 B           9                             |
|   /home   0 B           0 B            15                            |
|                                                                      |
| Warnings:                                                            |
|   - Too much memory requested                                        |
|   - Too much time requested                                          |
+----------------------------------------------------------------------+
