Running: run_askap_z0.76_0.77.py
Starting redshift chunk: z = 0.76 to 0.77
Processing 2 redshift bins...

Saved: dm_detected_askap_z0.76_0.77.npy
  Total FRB points: 1333672
  Detected (SNR>10): 1686

Chunk completed in 150.83 seconds
Time per FRB: 0.1131 ms

+------------------ Job Report: 11202827 (COMPLETED) ------------------+
| Memory (RAM)  [                    ]  1.3% (216 MB peak / 16 GB)     |
| CPU           [##################  ] 92.9% average                   |
| Time          [>                   ]  3.1% (0-00:02:50 / 0-01:30:00) |
|                                                                      |
| Lustre Filesystem:                                                   |
|   Path    Total Read    Total Write    Total IOPS                    |
|   ------  ------------  -------------  ------------                  |
|   /apps   0 B           0 B            2 K                           |
|   /fred   8 KB          33 B           13                            |
|   /home   0 B           0 B            15                            |
|                                                                      |
| Warnings:                                                            |
|   - Too much memory requested                                        |
|   - Too much time requested                                          |
+----------------------------------------------------------------------+
