Running: run_askap_z0.59_0.60.py
Starting redshift chunk: z = 0.59 to 0.60
Processing 2 redshift bins...

Saved: dm_detected_askap_z0.59_0.60.npy
  Total FRB points: 935723
  Detected (SNR>10): 2096

Chunk completed in 112.57 seconds
Time per FRB: 0.1203 ms

+------------------ Job Report: 11202810 (COMPLETED) ------------------+
| Memory (RAM)  [                    ]  1.1% (177 MB peak / 16 GB)     |
| CPU           [##################  ] 90.3% average                   |
| Time          [>                   ]  2.5% (0-00:02:14 / 0-01:30:00) |
|                                                                      |
| Lustre Filesystem:                                                   |
|   Path    Total Read    Total Write    Total IOPS                    |
|   ------  ------------  -------------  ------------                  |
|   /apps   0 B           0 B            1.4 K                         |
|   /fred   8 KB          33 B           10                            |
|   /home   0 B           0 B            10                            |
|                                                                      |
| Warnings:                                                            |
|   - Too much memory requested                                        |
|   - Too much time requested                                          |
+----------------------------------------------------------------------+
