Running: run_askap_z1.54_1.55.py
Starting redshift chunk: z = 1.54 to 1.55
Processing 2 redshift bins...

Saved: dm_detected_askap_z1.54_1.55.npy
  Total FRB points: 2023755
  Detected (SNR>10): 205

Chunk completed in 239.72 seconds
Time per FRB: 0.1185 ms

+------------------ Job Report: 11202912 (COMPLETED) ------------------+
| Memory (RAM)  [                    ]  1.8% (299 MB peak / 16 GB)     |
| CPU           [##################  ] 94.3% average                   |
| Time          [>                   ]  4.8% (0-00:04:21 / 0-01:30:00) |
|                                                                      |
| Lustre Filesystem:                                                   |
|   Path    Total Read    Total Write    Total IOPS                    |
|   ------  ------------  -------------  ------------                  |
|   /apps   0 B           0 B            2.1 K                         |
|   /fred   8 KB          33 B           7                             |
|   /home   0 B           0 B            15                            |
|                                                                      |
| Warnings:                                                            |
|   - Too much memory requested                                        |
|   - Too much time requested                                          |
+----------------------------------------------------------------------+
