Running: run_askap_z0.27_0.28.py
Starting redshift chunk: z = 0.27 to 0.28
Processing 2 redshift bins...

Saved: dm_detected_askap_z0.27_0.28.npy
  Total FRB points: 240542
  Detected (SNR>10): 1967

Chunk completed in 29.44 seconds
Time per FRB: 0.1224 ms

+------------------ Job Report: 11202777 (COMPLETED) ------------------+
| Memory (RAM)  No data available                                      |
| CPU           [###############     ] 76.9% average                   |
| Time          [>                   ]  1.0% (0-00:00:52 / 0-01:30:00) |
|                                                                      |
| Lustre Filesystem:                                                   |
|   Path    Total Read    Total Write    Total IOPS                    |
|   ------  ------------  -------------  ------------                  |
|   /apps   0 B           0 B            1.9 K                         |
|   /fred   8 KB          33 B           11                            |
|   /home   0 B           0 B            15                            |
+----------------------------------------------------------------------+
