Running: run_askap_z0.94_0.95.py
Starting redshift chunk: z = 0.94 to 0.95
Processing 2 redshift bins...

Saved: dm_detected_askap_z0.94_0.95.npy
  Total FRB points: 1690515
  Detected (SNR>10): 1155

Chunk completed in 188.79 seconds
Time per FRB: 0.1117 ms

+------------------ Job Report: 11202845 (COMPLETED) ------------------+
| Memory (RAM)  [                    ]  1.5% (248 MB peak / 16 GB)     |
| CPU           [##################  ] 93.8% average                   |
| Time          [>                   ]  3.9% (0-00:03:28 / 0-01:30:00) |
|                                                                      |
| Lustre Filesystem:                                                   |
|   Path    Total Read    Total Write    Total IOPS                    |
|   ------  ------------  -------------  ------------                  |
|   /apps   0 B           0 B            1.7 K                         |
|   /fred   8 KB          33 B           5                             |
|   /home   0 B           0 B            10                            |
|                                                                      |
| Warnings:                                                            |
|   - Too much memory requested                                        |
|   - Too much time requested                                          |
+----------------------------------------------------------------------+
