Running: run_askap_z1.02_1.03.py
Starting redshift chunk: z = 1.02 to 1.03
Processing 2 redshift bins...

Saved: dm_detected_askap_z1.02_1.03.npy
  Total FRB points: 1815855
  Detected (SNR>10): 944

Chunk completed in 229.02 seconds
Time per FRB: 0.1261 ms

+------------------ Job Report: 11202853 (COMPLETED) ------------------+
| Memory (RAM)  [                    ]  1.7% (285 MB peak / 16 GB)     |
| CPU           [##################  ] 94.1% average                   |
| Time          [>                   ]  4.7% (0-00:04:14 / 0-01:30:00) |
|                                                                      |
| Lustre Filesystem:                                                   |
|   Path    Total Read    Total Write      Total IOPS                  |
|   ------  ------------  -------------  ------------                  |
|   /apps   0 B           0 B                     42                   |
|   /fred   8 KB          33 B                     4                   |
|                                                                      |
| Warnings:                                                            |
|   - Too much memory requested                                        |
|   - Too much time requested                                          |
+----------------------------------------------------------------------+
