Running: run_askap_z0.83_0.84.py
Starting redshift chunk: z = 0.83 to 0.84
Processing 2 redshift bins...

Saved: dm_detected_askap_z0.83_0.84.npy
  Total FRB points: 1483146
  Detected (SNR>10): 1444

Chunk completed in 181.70 seconds
Time per FRB: 0.1225 ms

+------------------ Job Report: 11202834 (COMPLETED) ------------------+
| Memory (RAM)  [                    ]  1.5% (238 MB peak / 16 GB)     |
| CPU           [##################  ] 93.6% average                   |
| Time          [>                   ]  3.7% (0-00:03:22 / 0-01:30:00) |
|                                                                      |
| Lustre Filesystem:                                                   |
|   Path    Total Read    Total Write      Total IOPS                  |
|   ------  ------------  -------------  ------------                  |
|   /apps   0 B           0 B                    624                   |
|   /fred   8 KB          33 B                     6                   |
|   /home   0 B           0 B                      2                   |
|                                                                      |
| Warnings:                                                            |
|   - Too much memory requested                                        |
|   - Too much time requested                                          |
+----------------------------------------------------------------------+
