Running: run_askap_z1.26_1.27.py
Starting redshift chunk: z = 1.26 to 1.27
Processing 2 redshift bins...

Saved: dm_detected_askap_z1.26_1.27.npy
  Total FRB points: 2042496
  Detected (SNR>10): 507

Chunk completed in 250.08 seconds
Time per FRB: 0.1224 ms

+------------------ Job Report: 11202880 (COMPLETED) ------------------+
| Memory (RAM)  [                    ]  1.9% (314 MB peak / 16 GB)     |
| CPU           [##################  ] 90.6% average                   |
| Time          [->                  ]  5.5% (0-00:04:57 / 0-01:30:00) |
|                                                                      |
| Lustre Filesystem:                                                   |
|   Path    Total Read    Total Write    Total IOPS                    |
|   ------  ------------  -------------  ------------                  |
|   /apps   0 B           0 B            2 K                           |
|   /fred   8 KB          33 B           7                             |
|   /home   0 B           0 B            15                            |
|                                                                      |
| Warnings:                                                            |
|   - Too much memory requested                                        |
|   - Too much time requested                                          |
+----------------------------------------------------------------------+
