Running: run_askap_z1.38_1.39.py
Starting redshift chunk: z = 1.38 to 1.39
Processing 2 redshift bins...

Saved: dm_detected_askap_z1.38_1.39.npy
  Total FRB points: 2069339
  Detected (SNR>10): 362

Chunk completed in 238.91 seconds
Time per FRB: 0.1155 ms

+------------------ Job Report: 11202894 (COMPLETED) ------------------+
| Memory (RAM)  [                    ]  1.8% (303 MB peak / 16 GB)     |
| CPU           [##################  ] 93.6% average                   |
| Time          [>                   ]  4.9% (0-00:04:24 / 0-01:30:00) |
|                                                                      |
| Lustre Filesystem:                                                   |
|   Path    Total Read    Total Write      Total IOPS                  |
|   ------  ------------  -------------  ------------                  |
|   /apps   0 B           0 B                    590                   |
|   /fred   8 KB          33 B                     4                   |
|   /home   0 B           0 B                      8                   |
|                                                                      |
| Warnings:                                                            |
|   - Too much memory requested                                        |
|   - Too much time requested                                          |
+----------------------------------------------------------------------+
