Running: run_askap_z1.46_1.47.py
Starting redshift chunk: z = 1.46 to 1.47
Processing 2 redshift bins...

Saved: dm_detected_askap_z1.46_1.47.npy
  Total FRB points: 2057322
  Detected (SNR>10): 271

Chunk completed in 243.62 seconds
Time per FRB: 0.1184 ms

+------------------ Job Report: 11202902 (COMPLETED) ------------------+
| Memory (RAM)  [                    ]  1.8% (292 MB peak / 16 GB)     |
| CPU           [##################  ] 94.7% average                   |
| Time          [>                   ]  4.9% (0-00:04:25 / 0-01:30:00) |
|                                                                      |
| Lustre Filesystem:                                                   |
|   Path    Total Read    Total Write      Total IOPS                  |
|   ------  ------------  -------------  ------------                  |
|   /apps   0 B           0 B                     42                   |
|   /fred   8 KB          33 B                     6                   |
|                                                                      |
| Warnings:                                                            |
|   - Too much memory requested                                        |
|   - Too much time requested                                          |
+----------------------------------------------------------------------+
