Running: run_askap_z1.52_1.53.py
Starting redshift chunk: z = 1.52 to 1.53
Processing 2 redshift bins...

Saved: dm_detected_askap_z1.52_1.53.npy
  Total FRB points: 2034031
  Detected (SNR>10): 218

Chunk completed in 251.08 seconds
Time per FRB: 0.1234 ms

+------------------ Job Report: 11202910 (COMPLETED) ------------------+
| Memory (RAM)  [                    ]  1.8% (289 MB peak / 16 GB)     |
| CPU           [##################  ] 94.2% average                   |
| Time          [->                  ]  5.1% (0-00:04:37 / 0-01:30:00) |
|                                                                      |
| Lustre Filesystem:                                                   |
|   Path    Total Read    Total Write    Total IOPS                    |
|   ------  ------------  -------------  ------------                  |
|   /apps   0 B           0 B            2.1 K                         |
|   /fred   8 KB          33 B           10                            |
|   /home   0 B           0 B            15                            |
|                                                                      |
| Warnings:                                                            |
|   - Too much memory requested                                        |
|   - Too much time requested                                          |
+----------------------------------------------------------------------+
