Running: run_askap_z0.90_0.91.py
Starting redshift chunk: z = 0.90 to 0.91
Processing 2 redshift bins...

Saved: dm_detected_askap_z0.90_0.91.npy
  Total FRB points: 1619477
  Detected (SNR>10): 1252

Chunk completed in 205.54 seconds
Time per FRB: 0.1269 ms

+------------------ Job Report: 11202841 (COMPLETED) ------------------+
| Memory (RAM)  [                    ]  1.7% (278 MB peak / 16 GB)     |
| CPU           [##################  ] 92.7% average                   |
| Time          [>                   ]  4.3% (0-00:03:52 / 0-01:30:00) |
|                                                                      |
| Lustre Filesystem:                                                   |
|   Path    Total Read    Total Write      Total IOPS                  |
|   ------  ------------  -------------  ------------                  |
|   /apps   0 B           0 B                     42                   |
|   /fred   8 KB          33 B                     5                   |
|                                                                      |
| Warnings:                                                            |
|   - Too much memory requested                                        |
|   - Too much time requested                                          |
+----------------------------------------------------------------------+
