Running: run_askap_z0.95_0.96.py
Starting redshift chunk: z = 0.95 to 0.96
Processing 2 redshift bins...

Saved: dm_detected_askap_z0.95_0.96.npy
  Total FRB points: 1707433
  Detected (SNR>10): 1127

Chunk completed in 189.50 seconds
Time per FRB: 0.1110 ms

+------------------ Job Report: 11202846 (COMPLETED) ------------------+
| Memory (RAM)  [                    ]  1.5% (250 MB peak / 16 GB)     |
| CPU           [##################  ] 93.8% average                   |
| Time          [>                   ]  3.9% (0-00:03:29 / 0-01:30:00) |
|                                                                      |
| Lustre Filesystem:                                                   |
|   Path    Total Read    Total Write      Total IOPS                  |
|   ------  ------------  -------------  ------------                  |
|   /apps   0 B           0 B                     42                   |
|   /fred   8 KB          33 B                     3                   |
|                                                                      |
| Warnings:                                                            |
|   - Too much memory requested                                        |
|   - Too much time requested                                          |
+----------------------------------------------------------------------+
