Running: run_askap_z1.21_1.22.py
Starting redshift chunk: z = 1.21 to 1.22
Processing 2 redshift bins...

Saved: dm_detected_askap_z1.21_1.22.npy
  Total FRB points: 2014465
  Detected (SNR>10): 586

Chunk completed in 242.80 seconds
Time per FRB: 0.1205 ms

+------------------ Job Report: 11202873 (COMPLETED) ------------------+
| Memory (RAM)  [                    ]  1.9% (318 MB peak / 16 GB)     |
| CPU           [##################  ] 94.3% average                   |
| Time          [>                   ]  4.9% (0-00:04:25 / 0-01:30:00) |
|                                                                      |
| Lustre Filesystem:                                                   |
|   Path    Total Read    Total Write      Total IOPS                  |
|   ------  ------------  -------------  ------------                  |
|   /apps   0 B           0 B                     42                   |
|   /fred   8 KB          33 B                     6                   |
|                                                                      |
| Warnings:                                                            |
|   - Too much memory requested                                        |
|   - Too much time requested                                          |
+----------------------------------------------------------------------+
